Archive member included because of file (symbol)

c:/altera/12.1sp1/nios2eds/bin/gnu/h-i686-mingw32/bin/../lib/gcc/nios2-elf/4.1.2/mno-hw-mul\libgcc.a(_muldi3.o)
                              obj/default/lms_spi_config.o (__muldi3)
c:/altera/12.1sp1/nios2eds/bin/gnu/h-i686-mingw32/bin/../lib/gcc/nios2-elf/4.1.2/mno-hw-mul\libgcc.a(_udivdi3.o)
                              obj/default/lms_spi_config.o (__udivdi3)
c:/altera/12.1sp1/nios2eds/bin/gnu/h-i686-mingw32/bin/../lib/gcc/nios2-elf/4.1.2/mno-hw-mul\libgcc.a(lib2-divmod.o)
                              obj/default/lms_spi_config.o (__udivsi3)
c:/altera/12.1sp1/nios2eds/bin/gnu/h-i686-mingw32/bin/../lib/gcc/nios2-elf/4.1.2/mno-hw-mul\libgcc.a(lib2-mul.o)
                              obj/default/lms_spi_config.o (__mulsi3)
c:/altera/12.1sp1/nios2eds/bin/gnu/h-i686-mingw32/bin/../lib/gcc/nios2-elf/4.1.2/mno-hw-mul\libgcc.a(_clz.o)
                              c:/altera/12.1sp1/nios2eds/bin/gnu/h-i686-mingw32/bin/../lib/gcc/nios2-elf/4.1.2/mno-hw-mul\libgcc.a(_udivdi3.o) (__clz_tab)
c:/altera/12.1sp1/nios2eds/bin/gnu/h-i686-mingw32/bin/../lib/gcc/nios2-elf/4.1.2/../../../../nios2-elf/lib/mno-hw-mul\libsmallc.a(lib_a-printf.o)
                              obj/default/lms_spi_config.o (printf)
c:/altera/12.1sp1/nios2eds/bin/gnu/h-i686-mingw32/bin/../lib/gcc/nios2-elf/4.1.2/../../../../nios2-elf/lib/mno-hw-mul\libsmallc.a(lib_a-vfprintf.o)
                              c:/altera/12.1sp1/nios2eds/bin/gnu/h-i686-mingw32/bin/../lib/gcc/nios2-elf/4.1.2/../../../../nios2-elf/lib/mno-hw-mul\libsmallc.a(lib_a-printf.o) (___vfprintf_internal_r)
c:/altera/12.1sp1/nios2eds/bin/gnu/h-i686-mingw32/bin/../lib/gcc/nios2-elf/4.1.2/../../../../nios2-elf/lib/mno-hw-mul\libsmallc.a(lib_a-fvwrite_small_dev.o)
                              c:/altera/12.1sp1/nios2eds/bin/gnu/h-i686-mingw32/bin/../lib/gcc/nios2-elf/4.1.2/../../../../nios2-elf/lib/mno-hw-mul\libsmallc.a(lib_a-printf.o) (__sfvwrite_small_dev)
c:/altera/12.1sp1/nios2eds/bin/gnu/h-i686-mingw32/bin/../lib/gcc/nios2-elf/4.1.2/../../../../nios2-elf/lib/mno-hw-mul\libsmallc.a(lib_a-impure.o)
                              c:/altera/12.1sp1/nios2eds/bin/gnu/h-i686-mingw32/bin/../lib/gcc/nios2-elf/4.1.2/../../../../nios2-elf/lib/mno-hw-mul\libsmallc.a(lib_a-printf.o) (_impure_ptr)
c:/altera/12.1sp1/nios2eds/bin/gnu/h-i686-mingw32/bin/../lib/gcc/nios2-elf/4.1.2/../../../../nios2-elf/lib/mno-hw-mul\libsmallc.a(lib_a-strlen.o)
                              c:/altera/12.1sp1/nios2eds/bin/gnu/h-i686-mingw32/bin/../lib/gcc/nios2-elf/4.1.2/../../../../nios2-elf/lib/mno-hw-mul\libsmallc.a(lib_a-vfprintf.o) (strlen)
c:/altera/12.1sp1/nios2eds/bin/gnu/h-i686-mingw32/bin/../lib/gcc/nios2-elf/4.1.2/../../../../nios2-elf/lib/mno-hw-mul\libsmallc.a(lib_a-writer.o)
                              c:/altera/12.1sp1/nios2eds/bin/gnu/h-i686-mingw32/bin/../lib/gcc/nios2-elf/4.1.2/../../../../nios2-elf/lib/mno-hw-mul\libsmallc.a(lib_a-fvwrite_small_dev.o) (_write_r)
c:/altera/12.1sp1/nios2eds/bin/gnu/h-i686-mingw32/bin/../lib/gcc/nios2-elf/4.1.2/../../../../nios2-elf/lib/mno-hw-mul\libsmallc.a(lib_a-int_errno.o)
                              c:/altera/12.1sp1/nios2eds/bin/gnu/h-i686-mingw32/bin/../lib/gcc/nios2-elf/4.1.2/../../../../nios2-elf/lib/mno-hw-mul\libsmallc.a(lib_a-writer.o) (errno)
../lms_spi_controller_bsp\libhal_bsp.a(alt_load.o)
                              ../lms_spi_controller_bsp/obj/HAL/src/crt0.o (alt_load)
../lms_spi_controller_bsp\libhal_bsp.a(alt_main.o)
                              ../lms_spi_controller_bsp/obj/HAL/src/crt0.o (alt_main)
../lms_spi_controller_bsp\libhal_bsp.a(alt_printf.o)
                              obj/default/hello_world_small.o (alt_printf)
../lms_spi_controller_bsp\libhal_bsp.a(alt_putchar.o)
                              ../lms_spi_controller_bsp\libhal_bsp.a(alt_printf.o) (alt_putchar)
../lms_spi_controller_bsp\libhal_bsp.a(alt_putstr.o)
                              obj/default/hello_world_small.o (alt_putstr)
../lms_spi_controller_bsp\libhal_bsp.a(alt_write.o)
                              c:/altera/12.1sp1/nios2eds/bin/gnu/h-i686-mingw32/bin/../lib/gcc/nios2-elf/4.1.2/../../../../nios2-elf/lib/mno-hw-mul\libsmallc.a(lib_a-writer.o) (write)
../lms_spi_controller_bsp\libhal_bsp.a(alt_sys_init.o)
                              ../lms_spi_controller_bsp\libhal_bsp.a(alt_main.o) (alt_sys_init)
../lms_spi_controller_bsp\libhal_bsp.a(altera_avalon_jtag_uart_write.o)
                              ../lms_spi_controller_bsp\libhal_bsp.a(alt_putchar.o) (altera_avalon_jtag_uart_write)
../lms_spi_controller_bsp\libhal_bsp.a(altera_avalon_spi.o)
                              obj/default/lms_spi_config.o (alt_avalon_spi_command)
../lms_spi_controller_bsp\libhal_bsp.a(alt_dcache_flush_all.o)
                              ../lms_spi_controller_bsp\libhal_bsp.a(alt_load.o) (alt_dcache_flush_all)
../lms_spi_controller_bsp\libhal_bsp.a(alt_errno.o)
                              ../lms_spi_controller_bsp\libhal_bsp.a(alt_write.o) (alt_errno)
../lms_spi_controller_bsp\libhal_bsp.a(alt_icache_flush_all.o)
                              ../lms_spi_controller_bsp\libhal_bsp.a(alt_load.o) (alt_icache_flush_all)
../lms_spi_controller_bsp\libhal_bsp.a(altera_nios2_qsys_irq.o)
                              ../lms_spi_controller_bsp\libhal_bsp.a(alt_sys_init.o) (altera_nios2_qsys_irq_init)

Allocating common symbols
Common symbol       size              file

errno               0x4               c:/altera/12.1sp1/nios2eds/bin/gnu/h-i686-mingw32/bin/../lib/gcc/nios2-elf/4.1.2/../../../../nios2-elf/lib/mno-hw-mul\libsmallc.a(lib_a-int_errno.o)
xcvr_config         0x18              obj/default/hello_world_small.o

Memory Configuration

Name             Origin             Length             Attributes
reset            0x00000000         0x00000020
onchip_memory2_0 0x00000020         0x00013fe0
*default*        0x00000000         0xffffffff

Linker script and memory map

LOAD ../lms_spi_controller_bsp/obj/HAL/src/crt0.o
                0x0000000c                exit = _exit
LOAD obj/default/hello_world_small.o
LOAD obj/default/lms_spi_config.o
LOAD c:/altera/12.1sp1/nios2eds/bin/gnu/h-i686-mingw32/bin/../lib/gcc/nios2-elf/4.1.2/../../../../nios2-elf/lib/mno-hw-mul\libstdc++.a
LOAD c:/altera/12.1sp1/nios2eds/bin/gnu/h-i686-mingw32/bin/../lib/gcc/nios2-elf/4.1.2/../../../../nios2-elf/lib/mno-hw-mul\libm.a
LOAD c:/altera/12.1sp1/nios2eds/bin/gnu/h-i686-mingw32/bin/../lib/gcc/nios2-elf/4.1.2/mno-hw-mul\libgcc.a
START GROUP
LOAD c:/altera/12.1sp1/nios2eds/bin/gnu/h-i686-mingw32/bin/../lib/gcc/nios2-elf/4.1.2/../../../../nios2-elf/lib/mno-hw-mul\libsmallc.a
LOAD c:/altera/12.1sp1/nios2eds/bin/gnu/h-i686-mingw32/bin/../lib/gcc/nios2-elf/4.1.2/mno-hw-mul\libgcc.a
LOAD ../lms_spi_controller_bsp\libhal_bsp.a
END GROUP
LOAD c:/altera/12.1sp1/nios2eds/bin/gnu/h-i686-mingw32/bin/../lib/gcc/nios2-elf/4.1.2/mno-hw-mul\libgcc.a
                0x00000000                __alt_mem_onchip_memory2_0 = 0x0

.entry          0x00000000       0x20
 *(.entry)
 .entry         0x00000000       0x20 ../lms_spi_controller_bsp/obj/HAL/src/crt0.o
                0x00000000                __reset
                0x0000000c                _exit

.exceptions     0x00000020        0x0
                0x00000020                PROVIDE (__ram_exceptions_start, ABSOLUTE (.))
                0x00000020                . = ALIGN (0x20)
 *(.irq)
 *(.exceptions.entry.label)
 *(.exceptions.entry.user)
 *(.exceptions.entry)
 *(.exceptions.irqtest.user)
 *(.exceptions.irqtest)
 *(.exceptions.irqhandler.user)
 *(.exceptions.irqhandler)
 *(.exceptions.irqreturn.user)
 *(.exceptions.irqreturn)
 *(.exceptions.notirq.label)
 *(.exceptions.notirq.user)
 *(.exceptions.notirq)
 *(.exceptions.soft.user)
 *(.exceptions.soft)
 *(.exceptions.unknown.user)
 *(.exceptions.unknown)
 *(.exceptions.exit.label)
 *(.exceptions.exit.user)
 *(.exceptions.exit)
 *(.exceptions)
                0x00000020                PROVIDE (__ram_exceptions_end, ABSOLUTE (.))
                0x00000020                PROVIDE (__flash_exceptions_start, LOADADDR (.exceptions))

.text           0x00000020     0x36a4
                0x00000020                PROVIDE (stext, ABSOLUTE (.))
 *(.interp)
 *(.hash)
 *(.dynsym)
 *(.dynstr)
 *(.gnu.version)
 *(.gnu.version_d)
 *(.gnu.version_r)
 *(.rel.init)
 *(.rela.init)
 *(.rel.text .rel.text.* .rel.gnu.linkonce.t.*)
 *(.rela.text .rela.text.* .rela.gnu.linkonce.t.*)
 *(.rel.fini)
 *(.rela.fini)
 *(.rel.rodata .rel.rodata.* .rel.gnu.linkonce.r.*)
 *(.rela.rodata .rela.rodata.* .rela.gnu.linkonce.r.*)
 *(.rel.data .rel.data.* .rel.gnu.linkonce.d.*)
 *(.rela.data .rela.data.* .rela.gnu.linkonce.d.*)
 *(.rel.tdata .rel.tdata.* .rel.gnu.linkonce.td.*)
 *(.rela.tdata .rela.tdata.* .rela.gnu.linkonce.td.*)
 *(.rel.tbss .rel.tbss.* .rel.gnu.linkonce.tb.*)
 *(.rela.tbss .rela.tbss.* .rela.gnu.linkonce.tb.*)
 *(.rel.ctors)
 *(.rela.ctors)
 *(.rel.dtors)
 *(.rela.dtors)
 *(.rel.got)
 *(.rela.got)
 *(.rel.sdata .rel.sdata.* .rel.gnu.linkonce.s.*)
 *(.rela.sdata .rela.sdata.* .rela.gnu.linkonce.s.*)
 *(.rel.sbss .rel.sbss.* .rel.gnu.linkonce.sb.*)
 *(.rela.sbss .rela.sbss.* .rela.gnu.linkonce.sb.*)
 *(.rel.sdata2 .rel.sdata2.* .rel.gnu.linkonce.s2.*)
 *(.rela.sdata2 .rela.sdata2.* .rela.gnu.linkonce.s2.*)
 *(.rel.sbss2 .rel.sbss2.* .rel.gnu.linkonce.sb2.*)
 *(.rela.sbss2 .rela.sbss2.* .rela.gnu.linkonce.sb2.*)
 *(.rel.bss .rel.bss.* .rel.gnu.linkonce.b.*)
 *(.rela.bss .rela.bss.* .rela.gnu.linkonce.b.*)
 *(.rel.plt)
 *(.rela.plt)
 *(.rel.dyn)
 *(.init)
 *(.plt)
 *(.text .stub .text.* .gnu.linkonce.t.*)
 .text          0x00000020       0x3c ../lms_spi_controller_bsp/obj/HAL/src/crt0.o
                0x00000020                _start
 .text          0x0000005c      0x8c8 obj/default/hello_world_small.o
                0x0000005c                bladerf_lms_reset
                0x00000080                bladerf_set_frequency
                0x00000138                bladerf_rx_disable
                0x0000014c                bladerf_rx_enable
                0x00000160                bladerf_tx_disable
                0x00000174                bladerf_tx_enable
                0x00000188                si5338_complete_transfer
                0x000001c8                si5338_write
                0x00000264                main
                0x00000868                si5338_read
 .text          0x00000924     0x1718 obj/default/lms_spi_config.o
                0x00000924                lms_print_frequency
                0x000009f0                lms_spi_write
                0x00000a38                lms_lpf_init
                0x00000ac4                lms_calibrate_dc
                0x00000d24                lms_set_txvga2_gain
                0x00000d48                lms_rxvga2_set_gain
                0x00000d84                lms_rxvga1_enable
                0x00000d90                lms_rxvga1_disable
                0x00000d9c                lms_soft_reset
                0x00000dd0                lms_lpf_disable
                0x00000de8                lms_spi_read
                0x00000e9c                lms_dump_registers
                0x00000f08                lms_set_frequency
                0x00001320                lms_get_frequency
                0x0000141c                lms_tx_disable
                0x00001464                lms_tx_enable
                0x000014a8                lms_rx_disable
                0x000014f0                lms_rx_enable
                0x00001534                lms_pll_disable
                0x00001588                lms_pll_enable
                0x000015d8                lms_power_down
                0x00001620                lms_get_loopback_mode
                0x000016b0                lms_peakdetect_disable
                0x000016f4                lms_peakdetect_enable
                0x0000173c                lms_pa_disable
                0x000017b8                lms_tx_loopback_disable
                0x00001844                lms_pa_enable
                0x000018c4                lms_tx_loopback_enable
                0x00001974                lms_rxvga2_enable
                0x000019cc                lms_rxvga2_disable
                0x00001a14                lms_lna_select
                0x00001a74                lms_loopback_enable
                0x00001b74                lms_lna_set_gain
                0x00001bd0                lms_dither_disable
                0x00001c20                lms_dither_enable
                0x00001c94                lms_get_bandwidth
                0x00001ccc                lms_lpf_bypass
                0x00001d1c                lms_lpf_enable
                0x00001dd4                lms_loopback_disable
                0x00001ee8                lms_config_init
                0x00001f80                dac_write
 .text          0x0000203c      0x124 c:/altera/12.1sp1/nios2eds/bin/gnu/h-i686-mingw32/bin/../lib/gcc/nios2-elf/4.1.2/mno-hw-mul\libgcc.a(_muldi3.o)
                0x0000203c                __muldi3
 .text          0x00002160      0x66c c:/altera/12.1sp1/nios2eds/bin/gnu/h-i686-mingw32/bin/../lib/gcc/nios2-elf/4.1.2/mno-hw-mul\libgcc.a(_udivdi3.o)
                0x00002160                __udivdi3
 .text          0x000027cc      0x14c c:/altera/12.1sp1/nios2eds/bin/gnu/h-i686-mingw32/bin/../lib/gcc/nios2-elf/4.1.2/mno-hw-mul\libgcc.a(lib2-divmod.o)
                0x00002848                __divsi3
                0x000028a8                __modsi3
                0x00002908                __udivsi3
                0x00002910                __umodsi3
 .text          0x00002918       0x38 c:/altera/12.1sp1/nios2eds/bin/gnu/h-i686-mingw32/bin/../lib/gcc/nios2-elf/4.1.2/mno-hw-mul\libgcc.a(lib2-mul.o)
                0x00002918                __mulsi3
 .text          0x00002950        0x0 c:/altera/12.1sp1/nios2eds/bin/gnu/h-i686-mingw32/bin/../lib/gcc/nios2-elf/4.1.2/mno-hw-mul\libgcc.a(_clz.o)
 .text          0x00002950       0x98 c:/altera/12.1sp1/nios2eds/bin/gnu/h-i686-mingw32/bin/../lib/gcc/nios2-elf/4.1.2/../../../../nios2-elf/lib/mno-hw-mul\libsmallc.a(lib_a-printf.o)
                0x00002950                printf
                0x000029a4                _printf_r
 .text          0x000029e8      0x740 c:/altera/12.1sp1/nios2eds/bin/gnu/h-i686-mingw32/bin/../lib/gcc/nios2-elf/4.1.2/../../../../nios2-elf/lib/mno-hw-mul\libsmallc.a(lib_a-vfprintf.o)
                0x00002a68                ___vfprintf_internal_r
                0x00003104                __vfprintf_internal
 .text          0x00003128       0xbc c:/altera/12.1sp1/nios2eds/bin/gnu/h-i686-mingw32/bin/../lib/gcc/nios2-elf/4.1.2/../../../../nios2-elf/lib/mno-hw-mul\libsmallc.a(lib_a-fvwrite_small_dev.o)
                0x00003128                __sfvwrite_small_dev
 .text          0x000031e4        0x0 c:/altera/12.1sp1/nios2eds/bin/gnu/h-i686-mingw32/bin/../lib/gcc/nios2-elf/4.1.2/../../../../nios2-elf/lib/mno-hw-mul\libsmallc.a(lib_a-impure.o)
 .text          0x000031e4       0x20 c:/altera/12.1sp1/nios2eds/bin/gnu/h-i686-mingw32/bin/../lib/gcc/nios2-elf/4.1.2/../../../../nios2-elf/lib/mno-hw-mul\libsmallc.a(lib_a-strlen.o)
                0x000031e4                strlen
 .text          0x00003204       0x78 c:/altera/12.1sp1/nios2eds/bin/gnu/h-i686-mingw32/bin/../lib/gcc/nios2-elf/4.1.2/../../../../nios2-elf/lib/mno-hw-mul\libsmallc.a(lib_a-writer.o)
                0x00003204                _write_r
 .text          0x0000327c        0x0 c:/altera/12.1sp1/nios2eds/bin/gnu/h-i686-mingw32/bin/../lib/gcc/nios2-elf/4.1.2/../../../../nios2-elf/lib/mno-hw-mul\libsmallc.a(lib_a-int_errno.o)
 .text          0x0000327c       0x8c ../lms_spi_controller_bsp\libhal_bsp.a(alt_load.o)
                0x0000329c                alt_load
 .text          0x00003308       0x2c ../lms_spi_controller_bsp\libhal_bsp.a(alt_main.o)
                0x00003308                alt_main
 .text          0x00003334      0x144 ../lms_spi_controller_bsp\libhal_bsp.a(alt_printf.o)
                0x00003334                alt_printf
 .text          0x00003478       0x50 ../lms_spi_controller_bsp\libhal_bsp.a(alt_putchar.o)
                0x00003478                alt_putchar
 .text          0x000034c8       0x38 ../lms_spi_controller_bsp\libhal_bsp.a(alt_putstr.o)
                0x000034c8                alt_putstr
 .text          0x00003500       0x78 ../lms_spi_controller_bsp\libhal_bsp.a(alt_write.o)
                0x00003500                write
 .text          0x00003578       0x24 ../lms_spi_controller_bsp\libhal_bsp.a(alt_sys_init.o)
                0x00003578                alt_sys_init
                0x0000357c                alt_irq_init
 .text          0x0000359c       0x34 ../lms_spi_controller_bsp\libhal_bsp.a(altera_avalon_jtag_uart_write.o)
                0x0000359c                altera_avalon_jtag_uart_write
 .text          0x000035d0       0xe4 ../lms_spi_controller_bsp\libhal_bsp.a(altera_avalon_spi.o)
                0x000035d0                alt_avalon_spi_command
 .text          0x000036b4        0x4 ../lms_spi_controller_bsp\libhal_bsp.a(alt_dcache_flush_all.o)
                0x000036b4                alt_dcache_flush_all
 .text          0x000036b8        0x0 ../lms_spi_controller_bsp\libhal_bsp.a(alt_errno.o)
 .text          0x000036b8        0x4 ../lms_spi_controller_bsp\libhal_bsp.a(alt_icache_flush_all.o)
                0x000036b8                alt_icache_flush_all
 .text          0x000036bc        0x8 ../lms_spi_controller_bsp\libhal_bsp.a(altera_nios2_qsys_irq.o)
                0x000036bc                altera_nios2_qsys_irq_init
 *(.gnu.warning.*)
 *(.fini)
                0x000036c4                PROVIDE (__etext, ABSOLUTE (.))
                0x000036c4                PROVIDE (_etext, ABSOLUTE (.))
                0x000036c4                PROVIDE (etext, ABSOLUTE (.))
 *(.eh_frame_hdr)
                0x000036c4                . = ALIGN (0x4)
                0x000036c4                PROVIDE (__preinit_array_start, ABSOLUTE (.))
 *(.preinit_array)
                0x000036c4                PROVIDE (__preinit_array_end, ABSOLUTE (.))
                0x000036c4                PROVIDE (__init_array_start, ABSOLUTE (.))
 *(.init_array)
                0x000036c4                PROVIDE (__init_array_end, ABSOLUTE (.))
                0x000036c4                PROVIDE (__fini_array_start, ABSOLUTE (.))
 *(.fini_array)
                0x000036c4                PROVIDE (__fini_array_end, ABSOLUTE (.))
 *(.eh_frame)
 *(.gcc_except_table)
 *(.dynamic)
                0x000036c4                PROVIDE (__CTOR_LIST__, ABSOLUTE (.))
 *(.ctors)
 *(SORT(.ctors.*))
                0x000036c4                PROVIDE (__CTOR_END__, ABSOLUTE (.))
                0x000036c4                PROVIDE (__DTOR_LIST__, ABSOLUTE (.))
 *(.dtors)
 *(SORT(.dtors.*))
                0x000036c4                PROVIDE (__DTOR_END__, ABSOLUTE (.))
 *(.jcr)
                0x000036c4                . = ALIGN (0x4)

.rodata         0x000036c4      0x39c
                0x000036c4                PROVIDE (__ram_rodata_start, ABSOLUTE (.))
                0x000036c4                . = ALIGN (0x4)
 *(.rodata .rodata.* .gnu.linkonce.r.*)
 .rodata.str1.4
                0x000036c4       0x5b obj/default/hello_world_small.o
                                 0x5c (size before relaxing)
 *fill*         0x0000371f        0x1 00
 .rodata.str1.4
                0x00003720      0x114 obj/default/lms_spi_config.o
 .rodata        0x00003834      0x12c obj/default/lms_spi_config.o
                0x00003834                bands
                0x000038f4                lms_reg_dumpset
 .rodata        0x00003960      0x100 c:/altera/12.1sp1/nios2eds/bin/gnu/h-i686-mingw32/bin/../lib/gcc/nios2-elf/4.1.2/mno-hw-mul\libgcc.a(_clz.o)
                0x00003960                __clz_tab
 *(.rodata1)
                0x00003a60                . = ALIGN (0x4)
                0x00003a60                PROVIDE (__ram_rodata_end, ABSOLUTE (.))
                0x000036c4                PROVIDE (__flash_rodata_start, LOADADDR (.rodata))

.rwdata         0x00003a60       0xf4 load address 0x00003b54
                0x00003a60                PROVIDE (__ram_rwdata_start, ABSOLUTE (.))
                0x00003a60                . = ALIGN (0x4)
 *(.got.plt)
 *(.got)
 *(.data1)
 *(.data .data.* .gnu.linkonce.d.*)
 .data          0x00003a60        0x0 ../lms_spi_controller_bsp/obj/HAL/src/crt0.o
 .data          0x00003a60        0x0 obj/default/hello_world_small.o
 .data          0x00003a60        0x0 obj/default/lms_spi_config.o
 .data          0x00003a60        0x0 c:/altera/12.1sp1/nios2eds/bin/gnu/h-i686-mingw32/bin/../lib/gcc/nios2-elf/4.1.2/mno-hw-mul\libgcc.a(_muldi3.o)
 .data          0x00003a60        0x0 c:/altera/12.1sp1/nios2eds/bin/gnu/h-i686-mingw32/bin/../lib/gcc/nios2-elf/4.1.2/mno-hw-mul\libgcc.a(_udivdi3.o)
 .data          0x00003a60        0x0 c:/altera/12.1sp1/nios2eds/bin/gnu/h-i686-mingw32/bin/../lib/gcc/nios2-elf/4.1.2/mno-hw-mul\libgcc.a(lib2-divmod.o)
 .data          0x00003a60        0x0 c:/altera/12.1sp1/nios2eds/bin/gnu/h-i686-mingw32/bin/../lib/gcc/nios2-elf/4.1.2/mno-hw-mul\libgcc.a(lib2-mul.o)
 .data          0x00003a60        0x0 c:/altera/12.1sp1/nios2eds/bin/gnu/h-i686-mingw32/bin/../lib/gcc/nios2-elf/4.1.2/mno-hw-mul\libgcc.a(_clz.o)
 .data          0x00003a60        0x0 c:/altera/12.1sp1/nios2eds/bin/gnu/h-i686-mingw32/bin/../lib/gcc/nios2-elf/4.1.2/../../../../nios2-elf/lib/mno-hw-mul\libsmallc.a(lib_a-printf.o)
 .data          0x00003a60        0x0 c:/altera/12.1sp1/nios2eds/bin/gnu/h-i686-mingw32/bin/../lib/gcc/nios2-elf/4.1.2/../../../../nios2-elf/lib/mno-hw-mul\libsmallc.a(lib_a-vfprintf.o)
 .data          0x00003a60        0x0 c:/altera/12.1sp1/nios2eds/bin/gnu/h-i686-mingw32/bin/../lib/gcc/nios2-elf/4.1.2/../../../../nios2-elf/lib/mno-hw-mul\libsmallc.a(lib_a-fvwrite_small_dev.o)
 .data          0x00003a60       0xe0 c:/altera/12.1sp1/nios2eds/bin/gnu/h-i686-mingw32/bin/../lib/gcc/nios2-elf/4.1.2/../../../../nios2-elf/lib/mno-hw-mul\libsmallc.a(lib_a-impure.o)
 .data          0x00003b40        0x0 c:/altera/12.1sp1/nios2eds/bin/gnu/h-i686-mingw32/bin/../lib/gcc/nios2-elf/4.1.2/../../../../nios2-elf/lib/mno-hw-mul\libsmallc.a(lib_a-strlen.o)
 .data          0x00003b40        0x0 c:/altera/12.1sp1/nios2eds/bin/gnu/h-i686-mingw32/bin/../lib/gcc/nios2-elf/4.1.2/../../../../nios2-elf/lib/mno-hw-mul\libsmallc.a(lib_a-writer.o)
 .data          0x00003b40        0x0 c:/altera/12.1sp1/nios2eds/bin/gnu/h-i686-mingw32/bin/../lib/gcc/nios2-elf/4.1.2/../../../../nios2-elf/lib/mno-hw-mul\libsmallc.a(lib_a-int_errno.o)
 .data          0x00003b40        0x0 ../lms_spi_controller_bsp\libhal_bsp.a(alt_load.o)
 .data          0x00003b40        0x0 ../lms_spi_controller_bsp\libhal_bsp.a(alt_main.o)
 .data          0x00003b40        0x0 ../lms_spi_controller_bsp\libhal_bsp.a(alt_printf.o)
 .data          0x00003b40        0x0 ../lms_spi_controller_bsp\libhal_bsp.a(alt_putchar.o)
 .data          0x00003b40        0x0 ../lms_spi_controller_bsp\libhal_bsp.a(alt_putstr.o)
 .data          0x00003b40        0x0 ../lms_spi_controller_bsp\libhal_bsp.a(alt_write.o)
 .data          0x00003b40        0x0 ../lms_spi_controller_bsp\libhal_bsp.a(alt_sys_init.o)
 .data          0x00003b40        0x0 ../lms_spi_controller_bsp\libhal_bsp.a(altera_avalon_jtag_uart_write.o)
 .data          0x00003b40        0x0 ../lms_spi_controller_bsp\libhal_bsp.a(altera_avalon_spi.o)
 .data          0x00003b40        0x0 ../lms_spi_controller_bsp\libhal_bsp.a(alt_dcache_flush_all.o)
 .data          0x00003b40        0x0 ../lms_spi_controller_bsp\libhal_bsp.a(alt_errno.o)
 .data          0x00003b40        0x0 ../lms_spi_controller_bsp\libhal_bsp.a(alt_icache_flush_all.o)
 .data          0x00003b40        0x0 ../lms_spi_controller_bsp\libhal_bsp.a(altera_nios2_qsys_irq.o)
                0x0000bb40                _gp = ABSOLUTE ((. + 0x8000))
                0x0000bb40                PROVIDE (gp, _gp)
 *(.rwdata .rwdata.*)
 *(.sdata .sdata.* .gnu.linkonce.s.*)
 .sdata         0x00003b40        0x8 c:/altera/12.1sp1/nios2eds/bin/gnu/h-i686-mingw32/bin/../lib/gcc/nios2-elf/4.1.2/../../../../nios2-elf/lib/mno-hw-mul\libsmallc.a(lib_a-impure.o)
                0x00003b40                _impure_ptr
                0x00003b44                _global_impure_ptr
 .sdata         0x00003b48        0x8 ../lms_spi_controller_bsp\libhal_bsp.a(alt_sys_init.o)
                0x00003b48                jtag_uart_0
                0x00003b4c                uart_0
 .sdata         0x00003b50        0x4 ../lms_spi_controller_bsp\libhal_bsp.a(alt_errno.o)
                0x00003b50                alt_errno
 *(.sdata2 .sdata2.* .gnu.linkonce.s2.*)
                0x00003b54                . = ALIGN (0x4)
                0x00003b54                _edata = ABSOLUTE (.)
                0x00003b54                PROVIDE (edata, ABSOLUTE (.))
                0x00003b54                PROVIDE (__ram_rwdata_end, ABSOLUTE (.))
                0x00003b54                PROVIDE (__flash_rwdata_start, LOADADDR (.rwdata))

.bss            0x00003c48       0x28
                0x00003c48                __bss_start = ABSOLUTE (.)
                0x00003c48                PROVIDE (__sbss_start, ABSOLUTE (.))
                0x00003c48                PROVIDE (___sbss_start, ABSOLUTE (.))
 *(.dynsbss)
 *(.sbss .sbss.* .gnu.linkonce.sb.*)
 .sbss          0x00003c48        0x4 c:/altera/12.1sp1/nios2eds/bin/gnu/h-i686-mingw32/bin/../lib/gcc/nios2-elf/4.1.2/../../../../nios2-elf/lib/mno-hw-mul\libsmallc.a(lib_a-int_errno.o)
                0x00003c48                errno
 .sbss          0x00003c4c        0xc ../lms_spi_controller_bsp\libhal_bsp.a(alt_main.o)
                0x00003c4c                alt_argc
                0x00003c50                alt_argv
                0x00003c54                alt_envp
 *(.sbss2 .sbss2.* .gnu.linkonce.sb2.*)
 *(.scommon)
                0x00003c58                PROVIDE (__sbss_end, ABSOLUTE (.))
                0x00003c58                PROVIDE (___sbss_end, ABSOLUTE (.))
 *(.dynbss)
 *(.bss .bss.* .gnu.linkonce.b.*)
 .bss           0x00003c58        0x0 ../lms_spi_controller_bsp/obj/HAL/src/crt0.o
 .bss           0x00003c58        0x0 obj/default/hello_world_small.o
 .bss           0x00003c58        0x0 obj/default/lms_spi_config.o
 .bss           0x00003c58        0x0 c:/altera/12.1sp1/nios2eds/bin/gnu/h-i686-mingw32/bin/../lib/gcc/nios2-elf/4.1.2/mno-hw-mul\libgcc.a(_muldi3.o)
 .bss           0x00003c58        0x0 c:/altera/12.1sp1/nios2eds/bin/gnu/h-i686-mingw32/bin/../lib/gcc/nios2-elf/4.1.2/mno-hw-mul\libgcc.a(_udivdi3.o)
 .bss           0x00003c58        0x0 c:/altera/12.1sp1/nios2eds/bin/gnu/h-i686-mingw32/bin/../lib/gcc/nios2-elf/4.1.2/mno-hw-mul\libgcc.a(lib2-divmod.o)
 .bss           0x00003c58        0x0 c:/altera/12.1sp1/nios2eds/bin/gnu/h-i686-mingw32/bin/../lib/gcc/nios2-elf/4.1.2/mno-hw-mul\libgcc.a(lib2-mul.o)
 .bss           0x00003c58        0x0 c:/altera/12.1sp1/nios2eds/bin/gnu/h-i686-mingw32/bin/../lib/gcc/nios2-elf/4.1.2/mno-hw-mul\libgcc.a(_clz.o)
 .bss           0x00003c58        0x0 c:/altera/12.1sp1/nios2eds/bin/gnu/h-i686-mingw32/bin/../lib/gcc/nios2-elf/4.1.2/../../../../nios2-elf/lib/mno-hw-mul\libsmallc.a(lib_a-printf.o)
 .bss           0x00003c58        0x0 c:/altera/12.1sp1/nios2eds/bin/gnu/h-i686-mingw32/bin/../lib/gcc/nios2-elf/4.1.2/../../../../nios2-elf/lib/mno-hw-mul\libsmallc.a(lib_a-vfprintf.o)
 .bss           0x00003c58        0x0 c:/altera/12.1sp1/nios2eds/bin/gnu/h-i686-mingw32/bin/../lib/gcc/nios2-elf/4.1.2/../../../../nios2-elf/lib/mno-hw-mul\libsmallc.a(lib_a-fvwrite_small_dev.o)
 .bss           0x00003c58        0x0 c:/altera/12.1sp1/nios2eds/bin/gnu/h-i686-mingw32/bin/../lib/gcc/nios2-elf/4.1.2/../../../../nios2-elf/lib/mno-hw-mul\libsmallc.a(lib_a-impure.o)
 .bss           0x00003c58        0x0 c:/altera/12.1sp1/nios2eds/bin/gnu/h-i686-mingw32/bin/../lib/gcc/nios2-elf/4.1.2/../../../../nios2-elf/lib/mno-hw-mul\libsmallc.a(lib_a-strlen.o)
 .bss           0x00003c58        0x0 c:/altera/12.1sp1/nios2eds/bin/gnu/h-i686-mingw32/bin/../lib/gcc/nios2-elf/4.1.2/../../../../nios2-elf/lib/mno-hw-mul\libsmallc.a(lib_a-writer.o)
 .bss           0x00003c58        0x0 c:/altera/12.1sp1/nios2eds/bin/gnu/h-i686-mingw32/bin/../lib/gcc/nios2-elf/4.1.2/../../../../nios2-elf/lib/mno-hw-mul\libsmallc.a(lib_a-int_errno.o)
 .bss           0x00003c58        0x0 ../lms_spi_controller_bsp\libhal_bsp.a(alt_load.o)
 .bss           0x00003c58        0x0 ../lms_spi_controller_bsp\libhal_bsp.a(alt_main.o)
 .bss           0x00003c58        0x0 ../lms_spi_controller_bsp\libhal_bsp.a(alt_printf.o)
 .bss           0x00003c58        0x0 ../lms_spi_controller_bsp\libhal_bsp.a(alt_putchar.o)
 .bss           0x00003c58        0x0 ../lms_spi_controller_bsp\libhal_bsp.a(alt_putstr.o)
 .bss           0x00003c58        0x0 ../lms_spi_controller_bsp\libhal_bsp.a(alt_write.o)
 .bss           0x00003c58        0x0 ../lms_spi_controller_bsp\libhal_bsp.a(alt_sys_init.o)
 .bss           0x00003c58        0x0 ../lms_spi_controller_bsp\libhal_bsp.a(altera_avalon_jtag_uart_write.o)
 .bss           0x00003c58        0x0 ../lms_spi_controller_bsp\libhal_bsp.a(altera_avalon_spi.o)
 .bss           0x00003c58        0x0 ../lms_spi_controller_bsp\libhal_bsp.a(alt_dcache_flush_all.o)
 .bss           0x00003c58        0x0 ../lms_spi_controller_bsp\libhal_bsp.a(alt_errno.o)
 .bss           0x00003c58        0x0 ../lms_spi_controller_bsp\libhal_bsp.a(alt_icache_flush_all.o)
 .bss           0x00003c58        0x0 ../lms_spi_controller_bsp\libhal_bsp.a(altera_nios2_qsys_irq.o)
 *(COMMON)
 COMMON         0x00003c58       0x18 obj/default/hello_world_small.o
                0x00003c58                xcvr_config
                0x00003c70                . = ALIGN (0x4)
                0x00003c70                __bss_end = ABSOLUTE (.)

.onchip_memory2_0
                0x00003c70        0x0
                0x00003c70                PROVIDE (_alt_partition_onchip_memory2_0_start, ABSOLUTE (.))
 *(.onchip_memory2_0. onchip_memory2_0.*)
                0x00003c70                . = ALIGN (0x4)
                0x00003c70                PROVIDE (_alt_partition_onchip_memory2_0_end, ABSOLUTE (.))
                0x00003c70                _end = ABSOLUTE (.)
                0x00003c70                end = ABSOLUTE (.)
                0x00003c70                __alt_stack_base = ABSOLUTE (.)
                0x00003c70                PROVIDE (_alt_partition_onchip_memory2_0_load_addr, LOADADDR (.onchip_memory2_0))

.stab
 *(.stab)

.stabstr
 *(.stabstr)

.stab.excl
 *(.stab.excl)

.stab.exclstr
 *(.stab.exclstr)

.stab.index
 *(.stab.index)

.stab.indexstr
 *(.stab.indexstr)

.comment        0x00000000       0x26
 *(.comment)
 .comment       0x00000000       0x26 obj/default/hello_world_small.o
                                 0x27 (size before relaxing)
 .comment       0x00000000       0x27 obj/default/lms_spi_config.o
 .comment       0x00000000       0x27 c:/altera/12.1sp1/nios2eds/bin/gnu/h-i686-mingw32/bin/../lib/gcc/nios2-elf/4.1.2/mno-hw-mul\libgcc.a(_muldi3.o)
 .comment       0x00000000       0x27 c:/altera/12.1sp1/nios2eds/bin/gnu/h-i686-mingw32/bin/../lib/gcc/nios2-elf/4.1.2/mno-hw-mul\libgcc.a(_udivdi3.o)
 .comment       0x00000000       0x27 c:/altera/12.1sp1/nios2eds/bin/gnu/h-i686-mingw32/bin/../lib/gcc/nios2-elf/4.1.2/mno-hw-mul\libgcc.a(lib2-divmod.o)
 .comment       0x00000000       0x27 c:/altera/12.1sp1/nios2eds/bin/gnu/h-i686-mingw32/bin/../lib/gcc/nios2-elf/4.1.2/mno-hw-mul\libgcc.a(lib2-mul.o)
 .comment       0x00000000       0x27 c:/altera/12.1sp1/nios2eds/bin/gnu/h-i686-mingw32/bin/../lib/gcc/nios2-elf/4.1.2/mno-hw-mul\libgcc.a(_clz.o)
 .comment       0x00000000       0x27 c:/altera/12.1sp1/nios2eds/bin/gnu/h-i686-mingw32/bin/../lib/gcc/nios2-elf/4.1.2/../../../../nios2-elf/lib/mno-hw-mul\libsmallc.a(lib_a-printf.o)
 .comment       0x00000000       0x27 c:/altera/12.1sp1/nios2eds/bin/gnu/h-i686-mingw32/bin/../lib/gcc/nios2-elf/4.1.2/../../../../nios2-elf/lib/mno-hw-mul\libsmallc.a(lib_a-vfprintf.o)
 .comment       0x00000000       0x27 c:/altera/12.1sp1/nios2eds/bin/gnu/h-i686-mingw32/bin/../lib/gcc/nios2-elf/4.1.2/../../../../nios2-elf/lib/mno-hw-mul\libsmallc.a(lib_a-fvwrite_small_dev.o)
 .comment       0x00000000       0x27 c:/altera/12.1sp1/nios2eds/bin/gnu/h-i686-mingw32/bin/../lib/gcc/nios2-elf/4.1.2/../../../../nios2-elf/lib/mno-hw-mul\libsmallc.a(lib_a-impure.o)
 .comment       0x00000000       0x27 c:/altera/12.1sp1/nios2eds/bin/gnu/h-i686-mingw32/bin/../lib/gcc/nios2-elf/4.1.2/../../../../nios2-elf/lib/mno-hw-mul\libsmallc.a(lib_a-strlen.o)
 .comment       0x00000000       0x27 c:/altera/12.1sp1/nios2eds/bin/gnu/h-i686-mingw32/bin/../lib/gcc/nios2-elf/4.1.2/../../../../nios2-elf/lib/mno-hw-mul\libsmallc.a(lib_a-writer.o)
 .comment       0x00000000       0x27 c:/altera/12.1sp1/nios2eds/bin/gnu/h-i686-mingw32/bin/../lib/gcc/nios2-elf/4.1.2/../../../../nios2-elf/lib/mno-hw-mul\libsmallc.a(lib_a-int_errno.o)
 .comment       0x00000000       0x27 ../lms_spi_controller_bsp\libhal_bsp.a(alt_load.o)
 .comment       0x00000000       0x27 ../lms_spi_controller_bsp\libhal_bsp.a(alt_main.o)
 .comment       0x00000000       0x27 ../lms_spi_controller_bsp\libhal_bsp.a(alt_printf.o)
 .comment       0x00000000       0x27 ../lms_spi_controller_bsp\libhal_bsp.a(alt_putchar.o)
 .comment       0x00000000       0x27 ../lms_spi_controller_bsp\libhal_bsp.a(alt_putstr.o)
 .comment       0x00000000       0x27 ../lms_spi_controller_bsp\libhal_bsp.a(alt_write.o)
 .comment       0x00000000       0x27 ../lms_spi_controller_bsp\libhal_bsp.a(alt_sys_init.o)
 .comment       0x00000000       0x27 ../lms_spi_controller_bsp\libhal_bsp.a(altera_avalon_jtag_uart_write.o)
 .comment       0x00000000       0x27 ../lms_spi_controller_bsp\libhal_bsp.a(altera_avalon_spi.o)
 .comment       0x00000000       0x27 ../lms_spi_controller_bsp\libhal_bsp.a(alt_dcache_flush_all.o)
 .comment       0x00000000       0x27 ../lms_spi_controller_bsp\libhal_bsp.a(alt_errno.o)
 .comment       0x00000000       0x27 ../lms_spi_controller_bsp\libhal_bsp.a(alt_icache_flush_all.o)
 .comment       0x00000000       0x27 ../lms_spi_controller_bsp\libhal_bsp.a(altera_nios2_qsys_irq.o)

.debug
 *(.debug)

.line
 *(.line)

.debug_srcinfo
 *(.debug_srcinfo)

.debug_sfnames
 *(.debug_sfnames)

.debug_aranges  0x00000000      0x308
 *(.debug_aranges)
 .debug_aranges
                0x00000000       0x28 ../lms_spi_controller_bsp/obj/HAL/src/crt0.o
 .debug_aranges
                0x00000028       0x20 obj/default/hello_world_small.o
 .debug_aranges
                0x00000048       0x20 obj/default/lms_spi_config.o
 .debug_aranges
                0x00000068       0x20 c:/altera/12.1sp1/nios2eds/bin/gnu/h-i686-mingw32/bin/../lib/gcc/nios2-elf/4.1.2/mno-hw-mul\libgcc.a(_muldi3.o)
 .debug_aranges
                0x00000088       0x20 c:/altera/12.1sp1/nios2eds/bin/gnu/h-i686-mingw32/bin/../lib/gcc/nios2-elf/4.1.2/mno-hw-mul\libgcc.a(_udivdi3.o)
 .debug_aranges
                0x000000a8       0x20 c:/altera/12.1sp1/nios2eds/bin/gnu/h-i686-mingw32/bin/../lib/gcc/nios2-elf/4.1.2/mno-hw-mul\libgcc.a(lib2-divmod.o)
 .debug_aranges
                0x000000c8       0x20 c:/altera/12.1sp1/nios2eds/bin/gnu/h-i686-mingw32/bin/../lib/gcc/nios2-elf/4.1.2/mno-hw-mul\libgcc.a(lib2-mul.o)
 .debug_aranges
                0x000000e8       0x20 c:/altera/12.1sp1/nios2eds/bin/gnu/h-i686-mingw32/bin/../lib/gcc/nios2-elf/4.1.2/../../../../nios2-elf/lib/mno-hw-mul\libsmallc.a(lib_a-printf.o)
 .debug_aranges
                0x00000108       0x20 c:/altera/12.1sp1/nios2eds/bin/gnu/h-i686-mingw32/bin/../lib/gcc/nios2-elf/4.1.2/../../../../nios2-elf/lib/mno-hw-mul\libsmallc.a(lib_a-vfprintf.o)
 .debug_aranges
                0x00000128       0x20 c:/altera/12.1sp1/nios2eds/bin/gnu/h-i686-mingw32/bin/../lib/gcc/nios2-elf/4.1.2/../../../../nios2-elf/lib/mno-hw-mul\libsmallc.a(lib_a-fvwrite_small_dev.o)
 .debug_aranges
                0x00000148       0x20 c:/altera/12.1sp1/nios2eds/bin/gnu/h-i686-mingw32/bin/../lib/gcc/nios2-elf/4.1.2/../../../../nios2-elf/lib/mno-hw-mul\libsmallc.a(lib_a-strlen.o)
 .debug_aranges
                0x00000168       0x20 c:/altera/12.1sp1/nios2eds/bin/gnu/h-i686-mingw32/bin/../lib/gcc/nios2-elf/4.1.2/../../../../nios2-elf/lib/mno-hw-mul\libsmallc.a(lib_a-writer.o)
 .debug_aranges
                0x00000188       0x20 ../lms_spi_controller_bsp\libhal_bsp.a(alt_load.o)
 .debug_aranges
                0x000001a8       0x20 ../lms_spi_controller_bsp\libhal_bsp.a(alt_main.o)
 .debug_aranges
                0x000001c8       0x20 ../lms_spi_controller_bsp\libhal_bsp.a(alt_printf.o)
 .debug_aranges
                0x000001e8       0x20 ../lms_spi_controller_bsp\libhal_bsp.a(alt_putchar.o)
 .debug_aranges
                0x00000208       0x20 ../lms_spi_controller_bsp\libhal_bsp.a(alt_putstr.o)
 .debug_aranges
                0x00000228       0x20 ../lms_spi_controller_bsp\libhal_bsp.a(alt_write.o)
 .debug_aranges
                0x00000248       0x20 ../lms_spi_controller_bsp\libhal_bsp.a(alt_sys_init.o)
 .debug_aranges
                0x00000268       0x20 ../lms_spi_controller_bsp\libhal_bsp.a(altera_avalon_jtag_uart_write.o)
 .debug_aranges
                0x00000288       0x20 ../lms_spi_controller_bsp\libhal_bsp.a(altera_avalon_spi.o)
 .debug_aranges
                0x000002a8       0x20 ../lms_spi_controller_bsp\libhal_bsp.a(alt_dcache_flush_all.o)
 .debug_aranges
                0x000002c8       0x20 ../lms_spi_controller_bsp\libhal_bsp.a(alt_icache_flush_all.o)
 .debug_aranges
                0x000002e8       0x20 ../lms_spi_controller_bsp\libhal_bsp.a(altera_nios2_qsys_irq.o)

.debug_pubnames
                0x00000000      0x8b9
 *(.debug_pubnames)
 .debug_pubnames
                0x00000000       0xf3 obj/default/hello_world_small.o
 .debug_pubnames
                0x000000f3      0x398 obj/default/lms_spi_config.o
 .debug_pubnames
                0x0000048b       0x1f c:/altera/12.1sp1/nios2eds/bin/gnu/h-i686-mingw32/bin/../lib/gcc/nios2-elf/4.1.2/mno-hw-mul\libgcc.a(_muldi3.o)
 .debug_pubnames
                0x000004aa       0x20 c:/altera/12.1sp1/nios2eds/bin/gnu/h-i686-mingw32/bin/../lib/gcc/nios2-elf/4.1.2/mno-hw-mul\libgcc.a(_udivdi3.o)
 .debug_pubnames
                0x000004ca       0x48 c:/altera/12.1sp1/nios2eds/bin/gnu/h-i686-mingw32/bin/../lib/gcc/nios2-elf/4.1.2/mno-hw-mul\libgcc.a(lib2-divmod.o)
 .debug_pubnames
                0x00000512       0x1f c:/altera/12.1sp1/nios2eds/bin/gnu/h-i686-mingw32/bin/../lib/gcc/nios2-elf/4.1.2/mno-hw-mul\libgcc.a(lib2-mul.o)
 .debug_pubnames
                0x00000531       0x20 c:/altera/12.1sp1/nios2eds/bin/gnu/h-i686-mingw32/bin/../lib/gcc/nios2-elf/4.1.2/mno-hw-mul\libgcc.a(_clz.o)
 .debug_pubnames
                0x00000551       0x2b c:/altera/12.1sp1/nios2eds/bin/gnu/h-i686-mingw32/bin/../lib/gcc/nios2-elf/4.1.2/../../../../nios2-elf/lib/mno-hw-mul\libsmallc.a(lib_a-printf.o)
 .debug_pubnames
                0x0000057c       0x45 c:/altera/12.1sp1/nios2eds/bin/gnu/h-i686-mingw32/bin/../lib/gcc/nios2-elf/4.1.2/../../../../nios2-elf/lib/mno-hw-mul\libsmallc.a(lib_a-vfprintf.o)
 .debug_pubnames
                0x000005c1       0x2b c:/altera/12.1sp1/nios2eds/bin/gnu/h-i686-mingw32/bin/../lib/gcc/nios2-elf/4.1.2/../../../../nios2-elf/lib/mno-hw-mul\libsmallc.a(lib_a-fvwrite_small_dev.o)
 .debug_pubnames
                0x000005ec       0x39 c:/altera/12.1sp1/nios2eds/bin/gnu/h-i686-mingw32/bin/../lib/gcc/nios2-elf/4.1.2/../../../../nios2-elf/lib/mno-hw-mul\libsmallc.a(lib_a-impure.o)
 .debug_pubnames
                0x00000625       0x1d c:/altera/12.1sp1/nios2eds/bin/gnu/h-i686-mingw32/bin/../lib/gcc/nios2-elf/4.1.2/../../../../nios2-elf/lib/mno-hw-mul\libsmallc.a(lib_a-strlen.o)
 .debug_pubnames
                0x00000642       0x1f c:/altera/12.1sp1/nios2eds/bin/gnu/h-i686-mingw32/bin/../lib/gcc/nios2-elf/4.1.2/../../../../nios2-elf/lib/mno-hw-mul\libsmallc.a(lib_a-writer.o)
 .debug_pubnames
                0x00000661       0x1c c:/altera/12.1sp1/nios2eds/bin/gnu/h-i686-mingw32/bin/../lib/gcc/nios2-elf/4.1.2/../../../../nios2-elf/lib/mno-hw-mul\libsmallc.a(lib_a-int_errno.o)
 .debug_pubnames
                0x0000067d       0x1f ../lms_spi_controller_bsp\libhal_bsp.a(alt_load.o)
 .debug_pubnames
                0x0000069c       0x46 ../lms_spi_controller_bsp\libhal_bsp.a(alt_main.o)
 .debug_pubnames
                0x000006e2       0x21 ../lms_spi_controller_bsp\libhal_bsp.a(alt_printf.o)
 .debug_pubnames
                0x00000703       0x22 ../lms_spi_controller_bsp\libhal_bsp.a(alt_putchar.o)
 .debug_pubnames
                0x00000725       0x21 ../lms_spi_controller_bsp\libhal_bsp.a(alt_putstr.o)
 .debug_pubnames
                0x00000746       0x1c ../lms_spi_controller_bsp\libhal_bsp.a(alt_write.o)
 .debug_pubnames
                0x00000762       0x4f ../lms_spi_controller_bsp\libhal_bsp.a(alt_sys_init.o)
 .debug_pubnames
                0x000007b1       0x34 ../lms_spi_controller_bsp\libhal_bsp.a(altera_avalon_jtag_uart_write.o)
 .debug_pubnames
                0x000007e5       0x2d ../lms_spi_controller_bsp\libhal_bsp.a(altera_avalon_spi.o)
 .debug_pubnames
                0x00000812       0x2b ../lms_spi_controller_bsp\libhal_bsp.a(alt_dcache_flush_all.o)
 .debug_pubnames
                0x0000083d       0x20 ../lms_spi_controller_bsp\libhal_bsp.a(alt_errno.o)
 .debug_pubnames
                0x0000085d       0x2b ../lms_spi_controller_bsp\libhal_bsp.a(alt_icache_flush_all.o)
 .debug_pubnames
                0x00000888       0x31 ../lms_spi_controller_bsp\libhal_bsp.a(altera_nios2_qsys_irq.o)

.debug_info     0x00000000     0x5251
 *(.debug_info .gnu.linkonce.wi.*)
 .debug_info    0x00000000       0x9c ../lms_spi_controller_bsp/obj/HAL/src/crt0.o
 .debug_info    0x0000009c      0x450 obj/default/hello_world_small.o
 .debug_info    0x000004ec      0xda5 obj/default/lms_spi_config.o
 .debug_info    0x00001291      0x210 c:/altera/12.1sp1/nios2eds/bin/gnu/h-i686-mingw32/bin/../lib/gcc/nios2-elf/4.1.2/mno-hw-mul\libgcc.a(_muldi3.o)
 .debug_info    0x000014a1      0x71c c:/altera/12.1sp1/nios2eds/bin/gnu/h-i686-mingw32/bin/../lib/gcc/nios2-elf/4.1.2/mno-hw-mul\libgcc.a(_udivdi3.o)
 .debug_info    0x00001bbd      0x21c c:/altera/12.1sp1/nios2eds/bin/gnu/h-i686-mingw32/bin/../lib/gcc/nios2-elf/4.1.2/mno-hw-mul\libgcc.a(lib2-divmod.o)
 .debug_info    0x00001dd9       0xf3 c:/altera/12.1sp1/nios2eds/bin/gnu/h-i686-mingw32/bin/../lib/gcc/nios2-elf/4.1.2/mno-hw-mul\libgcc.a(lib2-mul.o)
 .debug_info    0x00001ecc       0xc9 c:/altera/12.1sp1/nios2eds/bin/gnu/h-i686-mingw32/bin/../lib/gcc/nios2-elf/4.1.2/mno-hw-mul\libgcc.a(_clz.o)
 .debug_info    0x00001f95      0x6c8 c:/altera/12.1sp1/nios2eds/bin/gnu/h-i686-mingw32/bin/../lib/gcc/nios2-elf/4.1.2/../../../../nios2-elf/lib/mno-hw-mul\libsmallc.a(lib_a-printf.o)
 .debug_info    0x0000265d      0x9b6 c:/altera/12.1sp1/nios2eds/bin/gnu/h-i686-mingw32/bin/../lib/gcc/nios2-elf/4.1.2/../../../../nios2-elf/lib/mno-hw-mul\libsmallc.a(lib_a-vfprintf.o)
 .debug_info    0x00003013      0x68e c:/altera/12.1sp1/nios2eds/bin/gnu/h-i686-mingw32/bin/../lib/gcc/nios2-elf/4.1.2/../../../../nios2-elf/lib/mno-hw-mul\libsmallc.a(lib_a-fvwrite_small_dev.o)
 .debug_info    0x000036a1      0x636 c:/altera/12.1sp1/nios2eds/bin/gnu/h-i686-mingw32/bin/../lib/gcc/nios2-elf/4.1.2/../../../../nios2-elf/lib/mno-hw-mul\libsmallc.a(lib_a-impure.o)
 .debug_info    0x00003cd7       0xc2 c:/altera/12.1sp1/nios2eds/bin/gnu/h-i686-mingw32/bin/../lib/gcc/nios2-elf/4.1.2/../../../../nios2-elf/lib/mno-hw-mul\libsmallc.a(lib_a-strlen.o)
 .debug_info    0x00003d99      0x68c c:/altera/12.1sp1/nios2eds/bin/gnu/h-i686-mingw32/bin/../lib/gcc/nios2-elf/4.1.2/../../../../nios2-elf/lib/mno-hw-mul\libsmallc.a(lib_a-writer.o)
 .debug_info    0x00004425       0x8c c:/altera/12.1sp1/nios2eds/bin/gnu/h-i686-mingw32/bin/../lib/gcc/nios2-elf/4.1.2/../../../../nios2-elf/lib/mno-hw-mul\libsmallc.a(lib_a-int_errno.o)
 .debug_info    0x000044b1      0x12e ../lms_spi_controller_bsp\libhal_bsp.a(alt_load.o)
 .debug_info    0x000045df      0x125 ../lms_spi_controller_bsp\libhal_bsp.a(alt_main.o)
 .debug_info    0x00004704      0x11d ../lms_spi_controller_bsp\libhal_bsp.a(alt_printf.o)
 .debug_info    0x00004821       0xc5 ../lms_spi_controller_bsp\libhal_bsp.a(alt_putchar.o)
 .debug_info    0x000048e6       0xc5 ../lms_spi_controller_bsp\libhal_bsp.a(alt_putstr.o)
 .debug_info    0x000049ab      0x179 ../lms_spi_controller_bsp\libhal_bsp.a(alt_write.o)
 .debug_info    0x00004b24      0x1d1 ../lms_spi_controller_bsp\libhal_bsp.a(alt_sys_init.o)
 .debug_info    0x00004cf5      0x18f ../lms_spi_controller_bsp\libhal_bsp.a(altera_avalon_jtag_uart_write.o)
 .debug_info    0x00004e84      0x17b ../lms_spi_controller_bsp\libhal_bsp.a(altera_avalon_spi.o)
 .debug_info    0x00004fff       0x8d ../lms_spi_controller_bsp\libhal_bsp.a(alt_dcache_flush_all.o)
 .debug_info    0x0000508c       0xab ../lms_spi_controller_bsp\libhal_bsp.a(alt_errno.o)
 .debug_info    0x00005137       0x8d ../lms_spi_controller_bsp\libhal_bsp.a(alt_icache_flush_all.o)
 .debug_info    0x000051c4       0x8d ../lms_spi_controller_bsp\libhal_bsp.a(altera_nios2_qsys_irq.o)

.debug_abbrev   0x00000000     0x18b1
 *(.debug_abbrev)
 .debug_abbrev  0x00000000       0x12 ../lms_spi_controller_bsp/obj/HAL/src/crt0.o
 .debug_abbrev  0x00000012      0x19f obj/default/hello_world_small.o
 .debug_abbrev  0x000001b1      0x2aa obj/default/lms_spi_config.o
 .debug_abbrev  0x0000045b       0xfb c:/altera/12.1sp1/nios2eds/bin/gnu/h-i686-mingw32/bin/../lib/gcc/nios2-elf/4.1.2/mno-hw-mul\libgcc.a(_muldi3.o)
 .debug_abbrev  0x00000556      0x16b c:/altera/12.1sp1/nios2eds/bin/gnu/h-i686-mingw32/bin/../lib/gcc/nios2-elf/4.1.2/mno-hw-mul\libgcc.a(_udivdi3.o)
 .debug_abbrev  0x000006c1       0xe0 c:/altera/12.1sp1/nios2eds/bin/gnu/h-i686-mingw32/bin/../lib/gcc/nios2-elf/4.1.2/mno-hw-mul\libgcc.a(lib2-divmod.o)
 .debug_abbrev  0x000007a1       0x7b c:/altera/12.1sp1/nios2eds/bin/gnu/h-i686-mingw32/bin/../lib/gcc/nios2-elf/4.1.2/mno-hw-mul\libgcc.a(lib2-mul.o)
 .debug_abbrev  0x0000081c       0x61 c:/altera/12.1sp1/nios2eds/bin/gnu/h-i686-mingw32/bin/../lib/gcc/nios2-elf/4.1.2/mno-hw-mul\libgcc.a(_clz.o)
 .debug_abbrev  0x0000087d      0x179 c:/altera/12.1sp1/nios2eds/bin/gnu/h-i686-mingw32/bin/../lib/gcc/nios2-elf/4.1.2/../../../../nios2-elf/lib/mno-hw-mul\libsmallc.a(lib_a-printf.o)
 .debug_abbrev  0x000009f6      0x263 c:/altera/12.1sp1/nios2eds/bin/gnu/h-i686-mingw32/bin/../lib/gcc/nios2-elf/4.1.2/../../../../nios2-elf/lib/mno-hw-mul\libsmallc.a(lib_a-vfprintf.o)
 .debug_abbrev  0x00000c59      0x179 c:/altera/12.1sp1/nios2eds/bin/gnu/h-i686-mingw32/bin/../lib/gcc/nios2-elf/4.1.2/../../../../nios2-elf/lib/mno-hw-mul\libsmallc.a(lib_a-fvwrite_small_dev.o)
 .debug_abbrev  0x00000dd2      0x13f c:/altera/12.1sp1/nios2eds/bin/gnu/h-i686-mingw32/bin/../lib/gcc/nios2-elf/4.1.2/../../../../nios2-elf/lib/mno-hw-mul\libsmallc.a(lib_a-impure.o)
 .debug_abbrev  0x00000f11       0x7a c:/altera/12.1sp1/nios2eds/bin/gnu/h-i686-mingw32/bin/../lib/gcc/nios2-elf/4.1.2/../../../../nios2-elf/lib/mno-hw-mul\libsmallc.a(lib_a-strlen.o)
 .debug_abbrev  0x00000f8b      0x16c c:/altera/12.1sp1/nios2eds/bin/gnu/h-i686-mingw32/bin/../lib/gcc/nios2-elf/4.1.2/../../../../nios2-elf/lib/mno-hw-mul\libsmallc.a(lib_a-writer.o)
 .debug_abbrev  0x000010f7       0x3b c:/altera/12.1sp1/nios2eds/bin/gnu/h-i686-mingw32/bin/../lib/gcc/nios2-elf/4.1.2/../../../../nios2-elf/lib/mno-hw-mul\libsmallc.a(lib_a-int_errno.o)
 .debug_abbrev  0x00001132       0x97 ../lms_spi_controller_bsp\libhal_bsp.a(alt_load.o)
 .debug_abbrev  0x000011c9       0xa6 ../lms_spi_controller_bsp\libhal_bsp.a(alt_main.o)
 .debug_abbrev  0x0000126f       0xc7 ../lms_spi_controller_bsp\libhal_bsp.a(alt_printf.o)
 .debug_abbrev  0x00001336       0x7b ../lms_spi_controller_bsp\libhal_bsp.a(alt_putchar.o)
 .debug_abbrev  0x000013b1       0x7c ../lms_spi_controller_bsp\libhal_bsp.a(alt_putstr.o)
 .debug_abbrev  0x0000142d       0xdd ../lms_spi_controller_bsp\libhal_bsp.a(alt_write.o)
 .debug_abbrev  0x0000150a       0xea ../lms_spi_controller_bsp\libhal_bsp.a(alt_sys_init.o)
 .debug_abbrev  0x000015f4       0xf0 ../lms_spi_controller_bsp\libhal_bsp.a(altera_avalon_jtag_uart_write.o)
 .debug_abbrev  0x000016e4       0xb2 ../lms_spi_controller_bsp\libhal_bsp.a(altera_avalon_spi.o)
 .debug_abbrev  0x00001796       0x3f ../lms_spi_controller_bsp\libhal_bsp.a(alt_dcache_flush_all.o)
 .debug_abbrev  0x000017d5       0x5e ../lms_spi_controller_bsp\libhal_bsp.a(alt_errno.o)
 .debug_abbrev  0x00001833       0x3f ../lms_spi_controller_bsp\libhal_bsp.a(alt_icache_flush_all.o)
 .debug_abbrev  0x00001872       0x3f ../lms_spi_controller_bsp\libhal_bsp.a(altera_nios2_qsys_irq.o)

.debug_line     0x00000000     0x5b50
 *(.debug_line)
 .debug_line    0x00000000       0x66 ../lms_spi_controller_bsp/obj/HAL/src/crt0.o
 .debug_line    0x00000066      0x927 obj/default/hello_world_small.o
 .debug_line    0x0000098d     0x18d1 obj/default/lms_spi_config.o
 .debug_line    0x0000225e      0x14f c:/altera/12.1sp1/nios2eds/bin/gnu/h-i686-mingw32/bin/../lib/gcc/nios2-elf/4.1.2/mno-hw-mul\libgcc.a(_muldi3.o)
 .debug_line    0x000023ad      0x2f2 c:/altera/12.1sp1/nios2eds/bin/gnu/h-i686-mingw32/bin/../lib/gcc/nios2-elf/4.1.2/mno-hw-mul\libgcc.a(_udivdi3.o)
 .debug_line    0x0000269f      0x24f c:/altera/12.1sp1/nios2eds/bin/gnu/h-i686-mingw32/bin/../lib/gcc/nios2-elf/4.1.2/mno-hw-mul\libgcc.a(lib2-divmod.o)
 .debug_line    0x000028ee      0x11a c:/altera/12.1sp1/nios2eds/bin/gnu/h-i686-mingw32/bin/../lib/gcc/nios2-elf/4.1.2/mno-hw-mul\libgcc.a(lib2-mul.o)
 .debug_line    0x00002a08       0xaa c:/altera/12.1sp1/nios2eds/bin/gnu/h-i686-mingw32/bin/../lib/gcc/nios2-elf/4.1.2/mno-hw-mul\libgcc.a(_clz.o)
 .debug_line    0x00002ab2      0x2be c:/altera/12.1sp1/nios2eds/bin/gnu/h-i686-mingw32/bin/../lib/gcc/nios2-elf/4.1.2/../../../../nios2-elf/lib/mno-hw-mul\libsmallc.a(lib_a-printf.o)
 .debug_line    0x00002d70      0x666 c:/altera/12.1sp1/nios2eds/bin/gnu/h-i686-mingw32/bin/../lib/gcc/nios2-elf/4.1.2/../../../../nios2-elf/lib/mno-hw-mul\libsmallc.a(lib_a-vfprintf.o)
 .debug_line    0x000033d6      0x2a9 c:/altera/12.1sp1/nios2eds/bin/gnu/h-i686-mingw32/bin/../lib/gcc/nios2-elf/4.1.2/../../../../nios2-elf/lib/mno-hw-mul\libsmallc.a(lib_a-fvwrite_small_dev.o)
 .debug_line    0x0000367f      0x230 c:/altera/12.1sp1/nios2eds/bin/gnu/h-i686-mingw32/bin/../lib/gcc/nios2-elf/4.1.2/../../../../nios2-elf/lib/mno-hw-mul\libsmallc.a(lib_a-impure.o)
 .debug_line    0x000038af      0x250 c:/altera/12.1sp1/nios2eds/bin/gnu/h-i686-mingw32/bin/../lib/gcc/nios2-elf/4.1.2/../../../../nios2-elf/lib/mno-hw-mul\libsmallc.a(lib_a-strlen.o)
 .debug_line    0x00003aff      0x29d c:/altera/12.1sp1/nios2eds/bin/gnu/h-i686-mingw32/bin/../lib/gcc/nios2-elf/4.1.2/../../../../nios2-elf/lib/mno-hw-mul\libsmallc.a(lib_a-writer.o)
 .debug_line    0x00003d9c      0x1e2 c:/altera/12.1sp1/nios2eds/bin/gnu/h-i686-mingw32/bin/../lib/gcc/nios2-elf/4.1.2/../../../../nios2-elf/lib/mno-hw-mul\libsmallc.a(lib_a-int_errno.o)
 .debug_line    0x00003f7e      0x217 ../lms_spi_controller_bsp\libhal_bsp.a(alt_load.o)
 .debug_line    0x00004195      0x2c2 ../lms_spi_controller_bsp\libhal_bsp.a(alt_main.o)
 .debug_line    0x00004457      0x1f2 ../lms_spi_controller_bsp\libhal_bsp.a(alt_printf.o)
 .debug_line    0x00004649      0x1f2 ../lms_spi_controller_bsp\libhal_bsp.a(alt_putchar.o)
 .debug_line    0x0000483b      0x1d9 ../lms_spi_controller_bsp\libhal_bsp.a(alt_putstr.o)
 .debug_line    0x00004a14      0x2ab ../lms_spi_controller_bsp\libhal_bsp.a(alt_write.o)
 .debug_line    0x00004cbf      0x2df ../lms_spi_controller_bsp\libhal_bsp.a(alt_sys_init.o)
 .debug_line    0x00004f9e      0x2f4 ../lms_spi_controller_bsp\libhal_bsp.a(altera_avalon_jtag_uart_write.o)
 .debug_line    0x00005292      0x1dc ../lms_spi_controller_bsp\libhal_bsp.a(altera_avalon_spi.o)
 .debug_line    0x0000546e      0x1b5 ../lms_spi_controller_bsp\libhal_bsp.a(alt_dcache_flush_all.o)
 .debug_line    0x00005623      0x1aa ../lms_spi_controller_bsp\libhal_bsp.a(alt_errno.o)
 .debug_line    0x000057cd      0x1b5 ../lms_spi_controller_bsp\libhal_bsp.a(alt_icache_flush_all.o)
 .debug_line    0x00005982      0x1ce ../lms_spi_controller_bsp\libhal_bsp.a(altera_nios2_qsys_irq.o)

.debug_frame    0x00000000      0x950
 *(.debug_frame)
 .debug_frame   0x00000000       0xf4 obj/default/hello_world_small.o
 .debug_frame   0x000000f4      0x454 obj/default/lms_spi_config.o
 .debug_frame   0x00000548       0x40 c:/altera/12.1sp1/nios2eds/bin/gnu/h-i686-mingw32/bin/../lib/gcc/nios2-elf/4.1.2/mno-hw-mul\libgcc.a(_muldi3.o)
 .debug_frame   0x00000588       0x38 c:/altera/12.1sp1/nios2eds/bin/gnu/h-i686-mingw32/bin/../lib/gcc/nios2-elf/4.1.2/mno-hw-mul\libgcc.a(_udivdi3.o)
 .debug_frame   0x000005c0       0x70 c:/altera/12.1sp1/nios2eds/bin/gnu/h-i686-mingw32/bin/../lib/gcc/nios2-elf/4.1.2/mno-hw-mul\libgcc.a(lib2-divmod.o)
 .debug_frame   0x00000630       0x20 c:/altera/12.1sp1/nios2eds/bin/gnu/h-i686-mingw32/bin/../lib/gcc/nios2-elf/4.1.2/mno-hw-mul\libgcc.a(lib2-mul.o)
 .debug_frame   0x00000650       0x40 c:/altera/12.1sp1/nios2eds/bin/gnu/h-i686-mingw32/bin/../lib/gcc/nios2-elf/4.1.2/../../../../nios2-elf/lib/mno-hw-mul\libsmallc.a(lib_a-printf.o)
 .debug_frame   0x00000690       0x64 c:/altera/12.1sp1/nios2eds/bin/gnu/h-i686-mingw32/bin/../lib/gcc/nios2-elf/4.1.2/../../../../nios2-elf/lib/mno-hw-mul\libsmallc.a(lib_a-vfprintf.o)
 .debug_frame   0x000006f4       0x30 c:/altera/12.1sp1/nios2eds/bin/gnu/h-i686-mingw32/bin/../lib/gcc/nios2-elf/4.1.2/../../../../nios2-elf/lib/mno-hw-mul\libsmallc.a(lib_a-fvwrite_small_dev.o)
 .debug_frame   0x00000724       0x20 c:/altera/12.1sp1/nios2eds/bin/gnu/h-i686-mingw32/bin/../lib/gcc/nios2-elf/4.1.2/../../../../nios2-elf/lib/mno-hw-mul\libsmallc.a(lib_a-strlen.o)
 .debug_frame   0x00000744       0x2c c:/altera/12.1sp1/nios2eds/bin/gnu/h-i686-mingw32/bin/../lib/gcc/nios2-elf/4.1.2/../../../../nios2-elf/lib/mno-hw-mul\libsmallc.a(lib_a-writer.o)
 .debug_frame   0x00000770       0x38 ../lms_spi_controller_bsp\libhal_bsp.a(alt_load.o)
 .debug_frame   0x000007a8       0x28 ../lms_spi_controller_bsp\libhal_bsp.a(alt_main.o)
 .debug_frame   0x000007d0       0x2c ../lms_spi_controller_bsp\libhal_bsp.a(alt_printf.o)
 .debug_frame   0x000007fc       0x2c ../lms_spi_controller_bsp\libhal_bsp.a(alt_putchar.o)
 .debug_frame   0x00000828       0x28 ../lms_spi_controller_bsp\libhal_bsp.a(alt_putstr.o)
 .debug_frame   0x00000850       0x28 ../lms_spi_controller_bsp\libhal_bsp.a(alt_write.o)
 .debug_frame   0x00000878       0x38 ../lms_spi_controller_bsp\libhal_bsp.a(alt_sys_init.o)
 .debug_frame   0x000008b0       0x20 ../lms_spi_controller_bsp\libhal_bsp.a(altera_avalon_jtag_uart_write.o)
 .debug_frame   0x000008d0       0x20 ../lms_spi_controller_bsp\libhal_bsp.a(altera_avalon_spi.o)
 .debug_frame   0x000008f0       0x20 ../lms_spi_controller_bsp\libhal_bsp.a(alt_dcache_flush_all.o)
 .debug_frame   0x00000910       0x20 ../lms_spi_controller_bsp\libhal_bsp.a(alt_icache_flush_all.o)
 .debug_frame   0x00000930       0x20 ../lms_spi_controller_bsp\libhal_bsp.a(altera_nios2_qsys_irq.o)

.debug_str      0x00000000     0x15fb
 *(.debug_str)
 .debug_str     0x00000000      0x368 obj/default/hello_world_small.o
                                0x3c3 (size before relaxing)
 .debug_str     0x00000368      0x3b7 obj/default/lms_spi_config.o
                                0x6b0 (size before relaxing)
 .debug_str     0x0000071f       0xf7 c:/altera/12.1sp1/nios2eds/bin/gnu/h-i686-mingw32/bin/../lib/gcc/nios2-elf/4.1.2/mno-hw-mul\libgcc.a(_muldi3.o)
                                0x1ac (size before relaxing)
 .debug_str     0x00000816       0x54 c:/altera/12.1sp1/nios2eds/bin/gnu/h-i686-mingw32/bin/../lib/gcc/nios2-elf/4.1.2/mno-hw-mul\libgcc.a(_udivdi3.o)
                                0x1f7 (size before relaxing)
 .debug_str     0x0000086a       0x76 c:/altera/12.1sp1/nios2eds/bin/gnu/h-i686-mingw32/bin/../lib/gcc/nios2-elf/4.1.2/mno-hw-mul\libgcc.a(lib2-divmod.o)
                                0x1b4 (size before relaxing)
 .debug_str     0x000008e0       0x37 c:/altera/12.1sp1/nios2eds/bin/gnu/h-i686-mingw32/bin/../lib/gcc/nios2-elf/4.1.2/mno-hw-mul\libgcc.a(lib2-mul.o)
                                0x175 (size before relaxing)
 .debug_str     0x00000000      0x161 c:/altera/12.1sp1/nios2eds/bin/gnu/h-i686-mingw32/bin/../lib/gcc/nios2-elf/4.1.2/mno-hw-mul\libgcc.a(_clz.o)
 .debug_str     0x00000917      0x39c c:/altera/12.1sp1/nios2eds/bin/gnu/h-i686-mingw32/bin/../lib/gcc/nios2-elf/4.1.2/../../../../nios2-elf/lib/mno-hw-mul\libsmallc.a(lib_a-printf.o)
                                0x466 (size before relaxing)
 .debug_str     0x00000cb3      0x162 c:/altera/12.1sp1/nios2eds/bin/gnu/h-i686-mingw32/bin/../lib/gcc/nios2-elf/4.1.2/../../../../nios2-elf/lib/mno-hw-mul\libsmallc.a(lib_a-vfprintf.o)
                                0x5af (size before relaxing)
 .debug_str     0x00000e15       0x70 c:/altera/12.1sp1/nios2eds/bin/gnu/h-i686-mingw32/bin/../lib/gcc/nios2-elf/4.1.2/../../../../nios2-elf/lib/mno-hw-mul\libsmallc.a(lib_a-fvwrite_small_dev.o)
                                0x46a (size before relaxing)
 .debug_str     0x00000e85       0xf8 c:/altera/12.1sp1/nios2eds/bin/gnu/h-i686-mingw32/bin/../lib/gcc/nios2-elf/4.1.2/../../../../nios2-elf/lib/mno-hw-mul\libsmallc.a(lib_a-impure.o)
                                0x45d (size before relaxing)
 .debug_str     0x00000f7d       0xe2 c:/altera/12.1sp1/nios2eds/bin/gnu/h-i686-mingw32/bin/../lib/gcc/nios2-elf/4.1.2/../../../../nios2-elf/lib/mno-hw-mul\libsmallc.a(lib_a-strlen.o)
                                0x184 (size before relaxing)
 .debug_str     0x0000105f       0x4f c:/altera/12.1sp1/nios2eds/bin/gnu/h-i686-mingw32/bin/../lib/gcc/nios2-elf/4.1.2/../../../../nios2-elf/lib/mno-hw-mul\libsmallc.a(lib_a-writer.o)
                                0x451 (size before relaxing)
 .debug_str     0x000010ae       0x40 c:/altera/12.1sp1/nios2eds/bin/gnu/h-i686-mingw32/bin/../lib/gcc/nios2-elf/4.1.2/../../../../nios2-elf/lib/mno-hw-mul\libsmallc.a(lib_a-int_errno.o)
                                0x177 (size before relaxing)
 .debug_str     0x000010ee      0x15c ../lms_spi_controller_bsp\libhal_bsp.a(alt_load.o)
                                0x1f1 (size before relaxing)
 .debug_str     0x0000124a       0x44 ../lms_spi_controller_bsp\libhal_bsp.a(alt_main.o)
                                0x175 (size before relaxing)
 .debug_str     0x0000128e       0x2c ../lms_spi_controller_bsp\libhal_bsp.a(alt_printf.o)
                                 0xdc (size before relaxing)
 .debug_str     0x000012ba       0x4e ../lms_spi_controller_bsp\libhal_bsp.a(alt_putchar.o)
                                0x14e (size before relaxing)
 .debug_str     0x00001308       0x20 ../lms_spi_controller_bsp\libhal_bsp.a(alt_putstr.o)
                                0x14c (size before relaxing)
 .debug_str     0x00001328       0x2c ../lms_spi_controller_bsp\libhal_bsp.a(alt_write.o)
                                0x1a1 (size before relaxing)
 .debug_str     0x00001354       0xec ../lms_spi_controller_bsp\libhal_bsp.a(alt_sys_init.o)
                                0x25d (size before relaxing)
 .debug_str     0x00001440       0x4a ../lms_spi_controller_bsp\libhal_bsp.a(altera_avalon_jtag_uart_write.o)
                                0x1ed (size before relaxing)
 .debug_str     0x0000148a       0xba ../lms_spi_controller_bsp\libhal_bsp.a(altera_avalon_spi.o)
                                0x1bb (size before relaxing)
 .debug_str     0x00001544       0x34 ../lms_spi_controller_bsp\libhal_bsp.a(alt_dcache_flush_all.o)
                                0x134 (size before relaxing)
 .debug_str     0x00001578       0x14 ../lms_spi_controller_bsp\libhal_bsp.a(alt_errno.o)
                                0x124 (size before relaxing)
 .debug_str     0x0000158c       0x34 ../lms_spi_controller_bsp\libhal_bsp.a(alt_icache_flush_all.o)
                                0x134 (size before relaxing)
 .debug_str     0x000015c0       0x3b ../lms_spi_controller_bsp\libhal_bsp.a(altera_nios2_qsys_irq.o)
                                0x13b (size before relaxing)

.debug_loc      0x00000000     0x2bcd
 *(.debug_loc)
 .debug_loc     0x00000000      0x1e7 obj/default/hello_world_small.o
 .debug_loc     0x000001e7      0xbbe obj/default/lms_spi_config.o
 .debug_loc     0x00000da5      0x103 c:/altera/12.1sp1/nios2eds/bin/gnu/h-i686-mingw32/bin/../lib/gcc/nios2-elf/4.1.2/mno-hw-mul\libgcc.a(_muldi3.o)
 .debug_loc     0x00000ea8      0xc12 c:/altera/12.1sp1/nios2eds/bin/gnu/h-i686-mingw32/bin/../lib/gcc/nios2-elf/4.1.2/mno-hw-mul\libgcc.a(_udivdi3.o)
 .debug_loc     0x00001aba      0x1d2 c:/altera/12.1sp1/nios2eds/bin/gnu/h-i686-mingw32/bin/../lib/gcc/nios2-elf/4.1.2/mno-hw-mul\libgcc.a(lib2-divmod.o)
 .debug_loc     0x00001c8c       0x4f c:/altera/12.1sp1/nios2eds/bin/gnu/h-i686-mingw32/bin/../lib/gcc/nios2-elf/4.1.2/mno-hw-mul\libgcc.a(lib2-mul.o)
 .debug_loc     0x00001cdb       0x8d c:/altera/12.1sp1/nios2eds/bin/gnu/h-i686-mingw32/bin/../lib/gcc/nios2-elf/4.1.2/../../../../nios2-elf/lib/mno-hw-mul\libsmallc.a(lib_a-printf.o)
 .debug_loc     0x00001d68      0x878 c:/altera/12.1sp1/nios2eds/bin/gnu/h-i686-mingw32/bin/../lib/gcc/nios2-elf/4.1.2/../../../../nios2-elf/lib/mno-hw-mul\libsmallc.a(lib_a-vfprintf.o)
 .debug_loc     0x000025e0      0x162 c:/altera/12.1sp1/nios2eds/bin/gnu/h-i686-mingw32/bin/../lib/gcc/nios2-elf/4.1.2/../../../../nios2-elf/lib/mno-hw-mul\libsmallc.a(lib_a-fvwrite_small_dev.o)
 .debug_loc     0x00002742       0x1e c:/altera/12.1sp1/nios2eds/bin/gnu/h-i686-mingw32/bin/../lib/gcc/nios2-elf/4.1.2/../../../../nios2-elf/lib/mno-hw-mul\libsmallc.a(lib_a-strlen.o)
 .debug_loc     0x00002760       0x97 c:/altera/12.1sp1/nios2eds/bin/gnu/h-i686-mingw32/bin/../lib/gcc/nios2-elf/4.1.2/../../../../nios2-elf/lib/mno-hw-mul\libsmallc.a(lib_a-writer.o)
 .debug_loc     0x000027f7       0x1f ../lms_spi_controller_bsp\libhal_bsp.a(alt_load.o)
 .debug_loc     0x00002816       0x1f ../lms_spi_controller_bsp\libhal_bsp.a(alt_main.o)
 .debug_loc     0x00002835      0x175 ../lms_spi_controller_bsp\libhal_bsp.a(alt_printf.o)
 .debug_loc     0x000029aa       0x3d ../lms_spi_controller_bsp\libhal_bsp.a(alt_putchar.o)
 .debug_loc     0x000029e7       0x48 ../lms_spi_controller_bsp\libhal_bsp.a(alt_putstr.o)
 .debug_loc     0x00002a2f       0x9a ../lms_spi_controller_bsp\libhal_bsp.a(alt_write.o)
 .debug_loc     0x00002ac9       0x32 ../lms_spi_controller_bsp\libhal_bsp.a(alt_sys_init.o)
 .debug_loc     0x00002afb       0x26 ../lms_spi_controller_bsp\libhal_bsp.a(altera_avalon_jtag_uart_write.o)
 .debug_loc     0x00002b21       0xac ../lms_spi_controller_bsp\libhal_bsp.a(altera_avalon_spi.o)

.debug_macinfo
 *(.debug_macinfo)

.debug_weaknames
 *(.debug_weaknames)

.debug_funcnames
 *(.debug_funcnames)

.debug_typenames
 *(.debug_typenames)

.debug_varnames
 *(.debug_varnames)

.debug_alt_sim_info
                0x00000000       0x10
 *(.debug_alt_sim_info)
 .debug_alt_sim_info
                0x00000000       0x10 ../lms_spi_controller_bsp/obj/HAL/src/crt0.o
                0x00014000                __alt_data_end = 0x14000
                0x00014000                PROVIDE (__alt_stack_pointer, __alt_data_end)
                0x00003c70                PROVIDE (__alt_stack_limit, __alt_stack_base)
                0x00003c70                PROVIDE (__alt_heap_start, end)
                0x00014000                PROVIDE (__alt_heap_limit, 0x14000)
OUTPUT(lms_spi_controller.elf elf32-littlenios2)

.debug_ranges   0x00000000      0x3a8
 .debug_ranges  0x00000000       0x20 ../lms_spi_controller_bsp/obj/HAL/src/crt0.o
 .debug_ranges  0x00000020       0x30 obj/default/lms_spi_config.o
 .debug_ranges  0x00000050       0x88 c:/altera/12.1sp1/nios2eds/bin/gnu/h-i686-mingw32/bin/../lib/gcc/nios2-elf/4.1.2/mno-hw-mul\libgcc.a(_muldi3.o)
 .debug_ranges  0x000000d8      0x190 c:/altera/12.1sp1/nios2eds/bin/gnu/h-i686-mingw32/bin/../lib/gcc/nios2-elf/4.1.2/mno-hw-mul\libgcc.a(_udivdi3.o)
 .debug_ranges  0x00000268      0x140 c:/altera/12.1sp1/nios2eds/bin/gnu/h-i686-mingw32/bin/../lib/gcc/nios2-elf/4.1.2/../../../../nios2-elf/lib/mno-hw-mul\libsmallc.a(lib_a-vfprintf.o)
