Archive member included because of file (symbol)

c:/altera/12.1/nios2eds/bin/gnu/h-i686-mingw32/bin/../lib/gcc/nios2-elf/4.1.2/mno-hw-mul\libgcc.a(_udivdi3.o)
                              obj/default/lms_spi_config.o (__udivdi3)
c:/altera/12.1/nios2eds/bin/gnu/h-i686-mingw32/bin/../lib/gcc/nios2-elf/4.1.2/mno-hw-mul\libgcc.a(lib2-divmod.o)
                              c:/altera/12.1/nios2eds/bin/gnu/h-i686-mingw32/bin/../lib/gcc/nios2-elf/4.1.2/mno-hw-mul\libgcc.a(_udivdi3.o) (__udivsi3)
c:/altera/12.1/nios2eds/bin/gnu/h-i686-mingw32/bin/../lib/gcc/nios2-elf/4.1.2/mno-hw-mul\libgcc.a(lib2-mul.o)
                              obj/default/lms_spi_config.o (__mulsi3)
c:/altera/12.1/nios2eds/bin/gnu/h-i686-mingw32/bin/../lib/gcc/nios2-elf/4.1.2/mno-hw-mul\libgcc.a(_clz.o)
                              c:/altera/12.1/nios2eds/bin/gnu/h-i686-mingw32/bin/../lib/gcc/nios2-elf/4.1.2/mno-hw-mul\libgcc.a(_udivdi3.o) (__clz_tab)
c:/altera/12.1/nios2eds/bin/gnu/h-i686-mingw32/bin/../lib/gcc/nios2-elf/4.1.2/../../../../nios2-elf/lib/mno-hw-mul\libsmallc.a(lib_a-printf.o)
                              obj/default/hello_world_small.o (printf)
c:/altera/12.1/nios2eds/bin/gnu/h-i686-mingw32/bin/../lib/gcc/nios2-elf/4.1.2/../../../../nios2-elf/lib/mno-hw-mul\libsmallc.a(lib_a-puts.o)
                              obj/default/hello_world_small.o (puts)
c:/altera/12.1/nios2eds/bin/gnu/h-i686-mingw32/bin/../lib/gcc/nios2-elf/4.1.2/../../../../nios2-elf/lib/mno-hw-mul\libsmallc.a(lib_a-strlen.o)
                              c:/altera/12.1/nios2eds/bin/gnu/h-i686-mingw32/bin/../lib/gcc/nios2-elf/4.1.2/../../../../nios2-elf/lib/mno-hw-mul\libsmallc.a(lib_a-puts.o) (strlen)
c:/altera/12.1/nios2eds/bin/gnu/h-i686-mingw32/bin/../lib/gcc/nios2-elf/4.1.2/../../../../nios2-elf/lib/mno-hw-mul\libsmallc.a(lib_a-vfprintf.o)
                              c:/altera/12.1/nios2eds/bin/gnu/h-i686-mingw32/bin/../lib/gcc/nios2-elf/4.1.2/../../../../nios2-elf/lib/mno-hw-mul\libsmallc.a(lib_a-printf.o) (___vfprintf_internal_r)
c:/altera/12.1/nios2eds/bin/gnu/h-i686-mingw32/bin/../lib/gcc/nios2-elf/4.1.2/../../../../nios2-elf/lib/mno-hw-mul\libsmallc.a(lib_a-fvwrite_small_dev.o)
                              c:/altera/12.1/nios2eds/bin/gnu/h-i686-mingw32/bin/../lib/gcc/nios2-elf/4.1.2/../../../../nios2-elf/lib/mno-hw-mul\libsmallc.a(lib_a-printf.o) (__sfvwrite_small_dev)
c:/altera/12.1/nios2eds/bin/gnu/h-i686-mingw32/bin/../lib/gcc/nios2-elf/4.1.2/../../../../nios2-elf/lib/mno-hw-mul\libsmallc.a(lib_a-impure.o)
                              c:/altera/12.1/nios2eds/bin/gnu/h-i686-mingw32/bin/../lib/gcc/nios2-elf/4.1.2/../../../../nios2-elf/lib/mno-hw-mul\libsmallc.a(lib_a-printf.o) (_impure_ptr)
c:/altera/12.1/nios2eds/bin/gnu/h-i686-mingw32/bin/../lib/gcc/nios2-elf/4.1.2/../../../../nios2-elf/lib/mno-hw-mul\libsmallc.a(lib_a-writer.o)
                              c:/altera/12.1/nios2eds/bin/gnu/h-i686-mingw32/bin/../lib/gcc/nios2-elf/4.1.2/../../../../nios2-elf/lib/mno-hw-mul\libsmallc.a(lib_a-fvwrite_small_dev.o) (_write_r)
c:/altera/12.1/nios2eds/bin/gnu/h-i686-mingw32/bin/../lib/gcc/nios2-elf/4.1.2/../../../../nios2-elf/lib/mno-hw-mul\libsmallc.a(lib_a-int_errno.o)
                              c:/altera/12.1/nios2eds/bin/gnu/h-i686-mingw32/bin/../lib/gcc/nios2-elf/4.1.2/../../../../nios2-elf/lib/mno-hw-mul\libsmallc.a(lib_a-writer.o) (errno)
../lms_spi_controller_bsp\libhal_bsp.a(alt_load.o)
                              ../lms_spi_controller_bsp/obj/HAL/src/crt0.o (alt_load)
../lms_spi_controller_bsp\libhal_bsp.a(alt_main.o)
                              ../lms_spi_controller_bsp/obj/HAL/src/crt0.o (alt_main)
../lms_spi_controller_bsp\libhal_bsp.a(alt_printf.o)
                              obj/default/hello_world_small.o (alt_printf)
../lms_spi_controller_bsp\libhal_bsp.a(alt_putchar.o)
                              ../lms_spi_controller_bsp\libhal_bsp.a(alt_printf.o) (alt_putchar)
../lms_spi_controller_bsp\libhal_bsp.a(alt_putstr.o)
                              obj/default/hello_world_small.o (alt_putstr)
../lms_spi_controller_bsp\libhal_bsp.a(alt_write.o)
                              c:/altera/12.1/nios2eds/bin/gnu/h-i686-mingw32/bin/../lib/gcc/nios2-elf/4.1.2/../../../../nios2-elf/lib/mno-hw-mul\libsmallc.a(lib_a-writer.o) (write)
../lms_spi_controller_bsp\libhal_bsp.a(alt_sys_init.o)
                              ../lms_spi_controller_bsp\libhal_bsp.a(alt_main.o) (alt_sys_init)
../lms_spi_controller_bsp\libhal_bsp.a(altera_avalon_jtag_uart_write.o)
                              ../lms_spi_controller_bsp\libhal_bsp.a(alt_putchar.o) (altera_avalon_jtag_uart_write)
../lms_spi_controller_bsp\libhal_bsp.a(altera_avalon_spi.o)
                              obj/default/lms_spi_config.o (alt_avalon_spi_command)
../lms_spi_controller_bsp\libhal_bsp.a(alt_dcache_flush_all.o)
                              ../lms_spi_controller_bsp\libhal_bsp.a(alt_load.o) (alt_dcache_flush_all)
../lms_spi_controller_bsp\libhal_bsp.a(alt_errno.o)
                              ../lms_spi_controller_bsp\libhal_bsp.a(alt_write.o) (alt_errno)
../lms_spi_controller_bsp\libhal_bsp.a(alt_icache_flush_all.o)
                              ../lms_spi_controller_bsp\libhal_bsp.a(alt_load.o) (alt_icache_flush_all)
../lms_spi_controller_bsp\libhal_bsp.a(altera_nios2_qsys_irq.o)
                              ../lms_spi_controller_bsp\libhal_bsp.a(alt_sys_init.o) (altera_nios2_qsys_irq_init)

Allocating common symbols
Common symbol       size              file

errno               0x4               c:/altera/12.1/nios2eds/bin/gnu/h-i686-mingw32/bin/../lib/gcc/nios2-elf/4.1.2/../../../../nios2-elf/lib/mno-hw-mul\libsmallc.a(lib_a-int_errno.o)
xcvr_config         0x14              obj/default/hello_world_small.o

Memory Configuration

Name             Origin             Length             Attributes
reset            0x00000000         0x00000020
onchip_memory2_0 0x00000020         0x00013fe0
*default*        0x00000000         0xffffffff

Linker script and memory map

LOAD ../lms_spi_controller_bsp/obj/HAL/src/crt0.o
                0x0000000c                exit = _exit
LOAD obj/default/hello_world_small.o
LOAD obj/default/lms_spi_config.o
LOAD c:/altera/12.1/nios2eds/bin/gnu/h-i686-mingw32/bin/../lib/gcc/nios2-elf/4.1.2/../../../../nios2-elf/lib/mno-hw-mul\libstdc++.a
LOAD c:/altera/12.1/nios2eds/bin/gnu/h-i686-mingw32/bin/../lib/gcc/nios2-elf/4.1.2/../../../../nios2-elf/lib/mno-hw-mul\libm.a
LOAD c:/altera/12.1/nios2eds/bin/gnu/h-i686-mingw32/bin/../lib/gcc/nios2-elf/4.1.2/mno-hw-mul\libgcc.a
START GROUP
LOAD c:/altera/12.1/nios2eds/bin/gnu/h-i686-mingw32/bin/../lib/gcc/nios2-elf/4.1.2/../../../../nios2-elf/lib/mno-hw-mul\libsmallc.a
LOAD c:/altera/12.1/nios2eds/bin/gnu/h-i686-mingw32/bin/../lib/gcc/nios2-elf/4.1.2/mno-hw-mul\libgcc.a
LOAD ../lms_spi_controller_bsp\libhal_bsp.a
END GROUP
LOAD c:/altera/12.1/nios2eds/bin/gnu/h-i686-mingw32/bin/../lib/gcc/nios2-elf/4.1.2/mno-hw-mul\libgcc.a
                0x00000000                __alt_mem_onchip_memory2_0 = 0x0

.entry          0x00000000       0x20
 *(.entry)
 .entry         0x00000000       0x20 ../lms_spi_controller_bsp/obj/HAL/src/crt0.o
                0x00000000                __reset
                0x0000000c                _exit

.exceptions     0x00000020        0x0
                0x00000020                PROVIDE (__ram_exceptions_start, ABSOLUTE (.))
                0x00000020                . = ALIGN (0x20)
 *(.irq)
 *(.exceptions.entry.label)
 *(.exceptions.entry.user)
 *(.exceptions.entry)
 *(.exceptions.irqtest.user)
 *(.exceptions.irqtest)
 *(.exceptions.irqhandler.user)
 *(.exceptions.irqhandler)
 *(.exceptions.irqreturn.user)
 *(.exceptions.irqreturn)
 *(.exceptions.notirq.label)
 *(.exceptions.notirq.user)
 *(.exceptions.notirq)
 *(.exceptions.soft.user)
 *(.exceptions.soft)
 *(.exceptions.unknown.user)
 *(.exceptions.unknown)
 *(.exceptions.exit.label)
 *(.exceptions.exit.user)
 *(.exceptions.exit)
 *(.exceptions)
                0x00000020                PROVIDE (__ram_exceptions_end, ABSOLUTE (.))
                0x00000020                PROVIDE (__flash_exceptions_start, LOADADDR (.exceptions))

.text           0x00000020     0x2fe8
                0x00000020                PROVIDE (stext, ABSOLUTE (.))
 *(.interp)
 *(.hash)
 *(.dynsym)
 *(.dynstr)
 *(.gnu.version)
 *(.gnu.version_d)
 *(.gnu.version_r)
 *(.rel.init)
 *(.rela.init)
 *(.rel.text .rel.text.* .rel.gnu.linkonce.t.*)
 *(.rela.text .rela.text.* .rela.gnu.linkonce.t.*)
 *(.rel.fini)
 *(.rela.fini)
 *(.rel.rodata .rel.rodata.* .rel.gnu.linkonce.r.*)
 *(.rela.rodata .rela.rodata.* .rela.gnu.linkonce.r.*)
 *(.rel.data .rel.data.* .rel.gnu.linkonce.d.*)
 *(.rela.data .rela.data.* .rela.gnu.linkonce.d.*)
 *(.rel.tdata .rel.tdata.* .rel.gnu.linkonce.td.*)
 *(.rela.tdata .rela.tdata.* .rela.gnu.linkonce.td.*)
 *(.rel.tbss .rel.tbss.* .rel.gnu.linkonce.tb.*)
 *(.rela.tbss .rela.tbss.* .rela.gnu.linkonce.tb.*)
 *(.rel.ctors)
 *(.rela.ctors)
 *(.rel.dtors)
 *(.rela.dtors)
 *(.rel.got)
 *(.rela.got)
 *(.rel.sdata .rel.sdata.* .rel.gnu.linkonce.s.*)
 *(.rela.sdata .rela.sdata.* .rela.gnu.linkonce.s.*)
 *(.rel.sbss .rel.sbss.* .rel.gnu.linkonce.sb.*)
 *(.rela.sbss .rela.sbss.* .rela.gnu.linkonce.sb.*)
 *(.rel.sdata2 .rel.sdata2.* .rel.gnu.linkonce.s2.*)
 *(.rela.sdata2 .rela.sdata2.* .rela.gnu.linkonce.s2.*)
 *(.rel.sbss2 .rel.sbss2.* .rel.gnu.linkonce.sb2.*)
 *(.rela.sbss2 .rela.sbss2.* .rela.gnu.linkonce.sb2.*)
 *(.rel.bss .rel.bss.* .rel.gnu.linkonce.b.*)
 *(.rela.bss .rela.bss.* .rela.gnu.linkonce.b.*)
 *(.rel.plt)
 *(.rela.plt)
 *(.rel.dyn)
 *(.init)
 *(.plt)
 *(.text .stub .text.* .gnu.linkonce.t.*)
 .text          0x00000020       0x3c ../lms_spi_controller_bsp/obj/HAL/src/crt0.o
                0x00000020                _start
 .text          0x0000005c      0x368 obj/default/hello_world_small.o
                0x0000005c                si5338_complete_transfer
                0x0000009c                si5338_write
                0x00000138                si5338_read
                0x000001f4                main
 .text          0x000003c4     0x163c obj/default/lms_spi_config.o
                0x000003c4                lms_print_frequency
                0x00000410                lms_spi_write
                0x00000484                lms_lpf_init
                0x000004f8                lms_calibrate_dc
                0x00000758                lms_rxvga2_set_gain
                0x00000794                lms_rxvga1_enable
                0x000007a0                lms_rxvga1_disable
                0x000007ac                lms_soft_reset
                0x000007e0                lms_lpf_disable
                0x000007f8                lms_spi_read
                0x000008c0                lms_dump_registers
                0x00000910                lms_set_frequency
                0x00000d10                lms_get_frequency
                0x00000df8                lms_tx_disable
                0x00000e40                lms_tx_enable
                0x00000e84                lms_rx_disable
                0x00000ecc                lms_rx_enable
                0x00000f10                lms_pll_disable
                0x00000f64                lms_pll_enable
                0x00000fb4                lms_power_down
                0x00000ffc                lms_get_loopback_mode
                0x0000108c                lms_peakdetect_disable
                0x000010d0                lms_peakdetect_enable
                0x00001118                lms_pa_disable
                0x00001194                lms_tx_loopback_disable
                0x00001220                lms_pa_enable
                0x000012a0                lms_tx_loopback_enable
                0x00001350                lms_rxvga2_enable
                0x000013a8                lms_rxvga2_disable
                0x000013f0                lms_lna_select
                0x00001450                lms_loopback_enable
                0x00001550                lms_config_init
                0x000015d0                lms_lna_set_gain
                0x0000162c                lms_dither_disable
                0x0000167c                lms_dither_enable
                0x000016f0                lms_get_bandwidth
                0x00001728                lms_lpf_bypass
                0x00001778                lms_lpf_enable
                0x00001830                lms_loopback_disable
                0x00001944                dac_write
 .text          0x00001a00      0x66c c:/altera/12.1/nios2eds/bin/gnu/h-i686-mingw32/bin/../lib/gcc/nios2-elf/4.1.2/mno-hw-mul\libgcc.a(_udivdi3.o)
                0x00001a00                __udivdi3
 .text          0x0000206c      0x14c c:/altera/12.1/nios2eds/bin/gnu/h-i686-mingw32/bin/../lib/gcc/nios2-elf/4.1.2/mno-hw-mul\libgcc.a(lib2-divmod.o)
                0x000020e8                __divsi3
                0x00002148                __modsi3
                0x000021a8                __udivsi3
                0x000021b0                __umodsi3
 .text          0x000021b8       0x38 c:/altera/12.1/nios2eds/bin/gnu/h-i686-mingw32/bin/../lib/gcc/nios2-elf/4.1.2/mno-hw-mul\libgcc.a(lib2-mul.o)
                0x000021b8                __mulsi3
 .text          0x000021f0        0x0 c:/altera/12.1/nios2eds/bin/gnu/h-i686-mingw32/bin/../lib/gcc/nios2-elf/4.1.2/mno-hw-mul\libgcc.a(_clz.o)
 .text          0x000021f0       0x98 c:/altera/12.1/nios2eds/bin/gnu/h-i686-mingw32/bin/../lib/gcc/nios2-elf/4.1.2/../../../../nios2-elf/lib/mno-hw-mul\libsmallc.a(lib_a-printf.o)
                0x000021f0                printf
                0x00002244                _printf_r
 .text          0x00002288       0xa4 c:/altera/12.1/nios2eds/bin/gnu/h-i686-mingw32/bin/../lib/gcc/nios2-elf/4.1.2/../../../../nios2-elf/lib/mno-hw-mul\libsmallc.a(lib_a-puts.o)
                0x00002288                _puts_r
                0x00002318                puts
 .text          0x0000232c       0x20 c:/altera/12.1/nios2eds/bin/gnu/h-i686-mingw32/bin/../lib/gcc/nios2-elf/4.1.2/../../../../nios2-elf/lib/mno-hw-mul\libsmallc.a(lib_a-strlen.o)
                0x0000232c                strlen
 .text          0x0000234c      0x740 c:/altera/12.1/nios2eds/bin/gnu/h-i686-mingw32/bin/../lib/gcc/nios2-elf/4.1.2/../../../../nios2-elf/lib/mno-hw-mul\libsmallc.a(lib_a-vfprintf.o)
                0x000023cc                ___vfprintf_internal_r
                0x00002a68                __vfprintf_internal
 .text          0x00002a8c       0xbc c:/altera/12.1/nios2eds/bin/gnu/h-i686-mingw32/bin/../lib/gcc/nios2-elf/4.1.2/../../../../nios2-elf/lib/mno-hw-mul\libsmallc.a(lib_a-fvwrite_small_dev.o)
                0x00002a8c                __sfvwrite_small_dev
 .text          0x00002b48        0x0 c:/altera/12.1/nios2eds/bin/gnu/h-i686-mingw32/bin/../lib/gcc/nios2-elf/4.1.2/../../../../nios2-elf/lib/mno-hw-mul\libsmallc.a(lib_a-impure.o)
 .text          0x00002b48       0x78 c:/altera/12.1/nios2eds/bin/gnu/h-i686-mingw32/bin/../lib/gcc/nios2-elf/4.1.2/../../../../nios2-elf/lib/mno-hw-mul\libsmallc.a(lib_a-writer.o)
                0x00002b48                _write_r
 .text          0x00002bc0        0x0 c:/altera/12.1/nios2eds/bin/gnu/h-i686-mingw32/bin/../lib/gcc/nios2-elf/4.1.2/../../../../nios2-elf/lib/mno-hw-mul\libsmallc.a(lib_a-int_errno.o)
 .text          0x00002bc0       0x8c ../lms_spi_controller_bsp\libhal_bsp.a(alt_load.o)
                0x00002be0                alt_load
 .text          0x00002c4c       0x2c ../lms_spi_controller_bsp\libhal_bsp.a(alt_main.o)
                0x00002c4c                alt_main
 .text          0x00002c78      0x144 ../lms_spi_controller_bsp\libhal_bsp.a(alt_printf.o)
                0x00002c78                alt_printf
 .text          0x00002dbc       0x50 ../lms_spi_controller_bsp\libhal_bsp.a(alt_putchar.o)
                0x00002dbc                alt_putchar
 .text          0x00002e0c       0x38 ../lms_spi_controller_bsp\libhal_bsp.a(alt_putstr.o)
                0x00002e0c                alt_putstr
 .text          0x00002e44       0x78 ../lms_spi_controller_bsp\libhal_bsp.a(alt_write.o)
                0x00002e44                write
 .text          0x00002ebc       0x24 ../lms_spi_controller_bsp\libhal_bsp.a(alt_sys_init.o)
                0x00002ebc                alt_sys_init
                0x00002ec0                alt_irq_init
 .text          0x00002ee0       0x34 ../lms_spi_controller_bsp\libhal_bsp.a(altera_avalon_jtag_uart_write.o)
                0x00002ee0                altera_avalon_jtag_uart_write
 .text          0x00002f14       0xe4 ../lms_spi_controller_bsp\libhal_bsp.a(altera_avalon_spi.o)
                0x00002f14                alt_avalon_spi_command
 .text          0x00002ff8        0x4 ../lms_spi_controller_bsp\libhal_bsp.a(alt_dcache_flush_all.o)
                0x00002ff8                alt_dcache_flush_all
 .text          0x00002ffc        0x0 ../lms_spi_controller_bsp\libhal_bsp.a(alt_errno.o)
 .text          0x00002ffc        0x4 ../lms_spi_controller_bsp\libhal_bsp.a(alt_icache_flush_all.o)
                0x00002ffc                alt_icache_flush_all
 .text          0x00003000        0x8 ../lms_spi_controller_bsp\libhal_bsp.a(altera_nios2_qsys_irq.o)
                0x00003000                altera_nios2_qsys_irq_init
 *(.gnu.warning.*)
 *(.fini)
                0x00003008                PROVIDE (__etext, ABSOLUTE (.))
                0x00003008                PROVIDE (_etext, ABSOLUTE (.))
                0x00003008                PROVIDE (etext, ABSOLUTE (.))
 *(.eh_frame_hdr)
                0x00003008                . = ALIGN (0x4)
                0x00003008                PROVIDE (__preinit_array_start, ABSOLUTE (.))
 *(.preinit_array)
                0x00003008                PROVIDE (__preinit_array_end, ABSOLUTE (.))
                0x00003008                PROVIDE (__init_array_start, ABSOLUTE (.))
 *(.init_array)
                0x00003008                PROVIDE (__init_array_end, ABSOLUTE (.))
                0x00003008                PROVIDE (__fini_array_start, ABSOLUTE (.))
 *(.fini_array)
                0x00003008                PROVIDE (__fini_array_end, ABSOLUTE (.))
 *(.eh_frame)
 *(.gcc_except_table)
 *(.dynamic)
                0x00003008                PROVIDE (__CTOR_LIST__, ABSOLUTE (.))
 *(.ctors)
 *(SORT(.ctors.*))
                0x00003008                PROVIDE (__CTOR_END__, ABSOLUTE (.))
                0x00003008                PROVIDE (__DTOR_LIST__, ABSOLUTE (.))
 *(.dtors)
 *(SORT(.dtors.*))
                0x00003008                PROVIDE (__DTOR_END__, ABSOLUTE (.))
 *(.jcr)
                0x00003008                . = ALIGN (0x4)

.rodata         0x00003008      0x468
                0x00003008                PROVIDE (__ram_rodata_start, ABSOLUTE (.))
                0x00003008                . = ALIGN (0x4)
 *(.rodata .rodata.* .gnu.linkonce.r.*)
 .rodata.str1.4
                0x00003008       0xc3 obj/default/hello_world_small.o
                                 0xc4 (size before relaxing)
 *fill*         0x000030cb        0x1 00
 .rodata.str1.4
                0x000030cc      0x12d obj/default/lms_spi_config.o
                                0x130 (size before relaxing)
 *fill*         0x000031f9        0x3 00
 .rodata        0x000031fc      0x174 obj/default/lms_spi_config.o
                0x000031fc                bands
                0x000032bc                lms_reg_dumpset
 .rodata        0x00003370      0x100 c:/altera/12.1/nios2eds/bin/gnu/h-i686-mingw32/bin/../lib/gcc/nios2-elf/4.1.2/mno-hw-mul\libgcc.a(_clz.o)
                0x00003370                __clz_tab
 .rodata.str1.4
                0x00000000      0x130 c:/altera/12.1/nios2eds/bin/gnu/h-i686-mingw32/bin/../lib/gcc/nios2-elf/4.1.2/../../../../nios2-elf/lib/mno-hw-mul\libsmallc.a(lib_a-puts.o)
                                  0x4 (size before relaxing)
 *(.rodata1)
                0x00003470                . = ALIGN (0x4)
                0x00003470                PROVIDE (__ram_rodata_end, ABSOLUTE (.))
                0x00003008                PROVIDE (__flash_rodata_start, LOADADDR (.rodata))

.rwdata         0x00003470       0xf4 load address 0x00003564
                0x00003470                PROVIDE (__ram_rwdata_start, ABSOLUTE (.))
                0x00003470                . = ALIGN (0x4)
 *(.got.plt)
 *(.got)
 *(.data1)
 *(.data .data.* .gnu.linkonce.d.*)
 .data          0x00003470        0x0 ../lms_spi_controller_bsp/obj/HAL/src/crt0.o
 .data          0x00003470        0x0 obj/default/hello_world_small.o
 .data          0x00003470        0x0 obj/default/lms_spi_config.o
 .data          0x00003470        0x0 c:/altera/12.1/nios2eds/bin/gnu/h-i686-mingw32/bin/../lib/gcc/nios2-elf/4.1.2/mno-hw-mul\libgcc.a(_udivdi3.o)
 .data          0x00003470        0x0 c:/altera/12.1/nios2eds/bin/gnu/h-i686-mingw32/bin/../lib/gcc/nios2-elf/4.1.2/mno-hw-mul\libgcc.a(lib2-divmod.o)
 .data          0x00003470        0x0 c:/altera/12.1/nios2eds/bin/gnu/h-i686-mingw32/bin/../lib/gcc/nios2-elf/4.1.2/mno-hw-mul\libgcc.a(lib2-mul.o)
 .data          0x00003470        0x0 c:/altera/12.1/nios2eds/bin/gnu/h-i686-mingw32/bin/../lib/gcc/nios2-elf/4.1.2/mno-hw-mul\libgcc.a(_clz.o)
 .data          0x00003470        0x0 c:/altera/12.1/nios2eds/bin/gnu/h-i686-mingw32/bin/../lib/gcc/nios2-elf/4.1.2/../../../../nios2-elf/lib/mno-hw-mul\libsmallc.a(lib_a-printf.o)
 .data          0x00003470        0x0 c:/altera/12.1/nios2eds/bin/gnu/h-i686-mingw32/bin/../lib/gcc/nios2-elf/4.1.2/../../../../nios2-elf/lib/mno-hw-mul\libsmallc.a(lib_a-puts.o)
 .data          0x00003470        0x0 c:/altera/12.1/nios2eds/bin/gnu/h-i686-mingw32/bin/../lib/gcc/nios2-elf/4.1.2/../../../../nios2-elf/lib/mno-hw-mul\libsmallc.a(lib_a-strlen.o)
 .data          0x00003470        0x0 c:/altera/12.1/nios2eds/bin/gnu/h-i686-mingw32/bin/../lib/gcc/nios2-elf/4.1.2/../../../../nios2-elf/lib/mno-hw-mul\libsmallc.a(lib_a-vfprintf.o)
 .data          0x00003470        0x0 c:/altera/12.1/nios2eds/bin/gnu/h-i686-mingw32/bin/../lib/gcc/nios2-elf/4.1.2/../../../../nios2-elf/lib/mno-hw-mul\libsmallc.a(lib_a-fvwrite_small_dev.o)
 .data          0x00003470       0xe0 c:/altera/12.1/nios2eds/bin/gnu/h-i686-mingw32/bin/../lib/gcc/nios2-elf/4.1.2/../../../../nios2-elf/lib/mno-hw-mul\libsmallc.a(lib_a-impure.o)
 .data          0x00003550        0x0 c:/altera/12.1/nios2eds/bin/gnu/h-i686-mingw32/bin/../lib/gcc/nios2-elf/4.1.2/../../../../nios2-elf/lib/mno-hw-mul\libsmallc.a(lib_a-writer.o)
 .data          0x00003550        0x0 c:/altera/12.1/nios2eds/bin/gnu/h-i686-mingw32/bin/../lib/gcc/nios2-elf/4.1.2/../../../../nios2-elf/lib/mno-hw-mul\libsmallc.a(lib_a-int_errno.o)
 .data          0x00003550        0x0 ../lms_spi_controller_bsp\libhal_bsp.a(alt_load.o)
 .data          0x00003550        0x0 ../lms_spi_controller_bsp\libhal_bsp.a(alt_main.o)
 .data          0x00003550        0x0 ../lms_spi_controller_bsp\libhal_bsp.a(alt_printf.o)
 .data          0x00003550        0x0 ../lms_spi_controller_bsp\libhal_bsp.a(alt_putchar.o)
 .data          0x00003550        0x0 ../lms_spi_controller_bsp\libhal_bsp.a(alt_putstr.o)
 .data          0x00003550        0x0 ../lms_spi_controller_bsp\libhal_bsp.a(alt_write.o)
 .data          0x00003550        0x0 ../lms_spi_controller_bsp\libhal_bsp.a(alt_sys_init.o)
 .data          0x00003550        0x0 ../lms_spi_controller_bsp\libhal_bsp.a(altera_avalon_jtag_uart_write.o)
 .data          0x00003550        0x0 ../lms_spi_controller_bsp\libhal_bsp.a(altera_avalon_spi.o)
 .data          0x00003550        0x0 ../lms_spi_controller_bsp\libhal_bsp.a(alt_dcache_flush_all.o)
 .data          0x00003550        0x0 ../lms_spi_controller_bsp\libhal_bsp.a(alt_errno.o)
 .data          0x00003550        0x0 ../lms_spi_controller_bsp\libhal_bsp.a(alt_icache_flush_all.o)
 .data          0x00003550        0x0 ../lms_spi_controller_bsp\libhal_bsp.a(altera_nios2_qsys_irq.o)
                0x0000b550                _gp = ABSOLUTE ((. + 0x8000))
                0x0000b550                PROVIDE (gp, _gp)
 *(.rwdata .rwdata.*)
 *(.sdata .sdata.* .gnu.linkonce.s.*)
 .sdata         0x00003550        0x8 c:/altera/12.1/nios2eds/bin/gnu/h-i686-mingw32/bin/../lib/gcc/nios2-elf/4.1.2/../../../../nios2-elf/lib/mno-hw-mul\libsmallc.a(lib_a-impure.o)
                0x00003550                _impure_ptr
                0x00003554                _global_impure_ptr
 .sdata         0x00003558        0x8 ../lms_spi_controller_bsp\libhal_bsp.a(alt_sys_init.o)
                0x00003558                jtag_uart_0
                0x0000355c                uart_0
 .sdata         0x00003560        0x4 ../lms_spi_controller_bsp\libhal_bsp.a(alt_errno.o)
                0x00003560                alt_errno
 *(.sdata2 .sdata2.* .gnu.linkonce.s2.*)
                0x00003564                . = ALIGN (0x4)
                0x00003564                _edata = ABSOLUTE (.)
                0x00003564                PROVIDE (edata, ABSOLUTE (.))
                0x00003564                PROVIDE (__ram_rwdata_end, ABSOLUTE (.))
                0x00003564                PROVIDE (__flash_rwdata_start, LOADADDR (.rwdata))

.bss            0x00003658       0x24
                0x00003658                __bss_start = ABSOLUTE (.)
                0x00003658                PROVIDE (__sbss_start, ABSOLUTE (.))
                0x00003658                PROVIDE (___sbss_start, ABSOLUTE (.))
 *(.dynsbss)
 *(.sbss .sbss.* .gnu.linkonce.sb.*)
 .sbss          0x00003658        0x4 c:/altera/12.1/nios2eds/bin/gnu/h-i686-mingw32/bin/../lib/gcc/nios2-elf/4.1.2/../../../../nios2-elf/lib/mno-hw-mul\libsmallc.a(lib_a-int_errno.o)
                0x00003658                errno
 .sbss          0x0000365c        0xc ../lms_spi_controller_bsp\libhal_bsp.a(alt_main.o)
                0x0000365c                alt_argc
                0x00003660                alt_argv
                0x00003664                alt_envp
 *(.sbss2 .sbss2.* .gnu.linkonce.sb2.*)
 *(.scommon)
                0x00003668                PROVIDE (__sbss_end, ABSOLUTE (.))
                0x00003668                PROVIDE (___sbss_end, ABSOLUTE (.))
 *(.dynbss)
 *(.bss .bss.* .gnu.linkonce.b.*)
 .bss           0x00003668        0x0 ../lms_spi_controller_bsp/obj/HAL/src/crt0.o
 .bss           0x00003668        0x0 obj/default/hello_world_small.o
 .bss           0x00003668        0x0 obj/default/lms_spi_config.o
 .bss           0x00003668        0x0 c:/altera/12.1/nios2eds/bin/gnu/h-i686-mingw32/bin/../lib/gcc/nios2-elf/4.1.2/mno-hw-mul\libgcc.a(_udivdi3.o)
 .bss           0x00003668        0x0 c:/altera/12.1/nios2eds/bin/gnu/h-i686-mingw32/bin/../lib/gcc/nios2-elf/4.1.2/mno-hw-mul\libgcc.a(lib2-divmod.o)
 .bss           0x00003668        0x0 c:/altera/12.1/nios2eds/bin/gnu/h-i686-mingw32/bin/../lib/gcc/nios2-elf/4.1.2/mno-hw-mul\libgcc.a(lib2-mul.o)
 .bss           0x00003668        0x0 c:/altera/12.1/nios2eds/bin/gnu/h-i686-mingw32/bin/../lib/gcc/nios2-elf/4.1.2/mno-hw-mul\libgcc.a(_clz.o)
 .bss           0x00003668        0x0 c:/altera/12.1/nios2eds/bin/gnu/h-i686-mingw32/bin/../lib/gcc/nios2-elf/4.1.2/../../../../nios2-elf/lib/mno-hw-mul\libsmallc.a(lib_a-printf.o)
 .bss           0x00003668        0x0 c:/altera/12.1/nios2eds/bin/gnu/h-i686-mingw32/bin/../lib/gcc/nios2-elf/4.1.2/../../../../nios2-elf/lib/mno-hw-mul\libsmallc.a(lib_a-puts.o)
 .bss           0x00003668        0x0 c:/altera/12.1/nios2eds/bin/gnu/h-i686-mingw32/bin/../lib/gcc/nios2-elf/4.1.2/../../../../nios2-elf/lib/mno-hw-mul\libsmallc.a(lib_a-strlen.o)
 .bss           0x00003668        0x0 c:/altera/12.1/nios2eds/bin/gnu/h-i686-mingw32/bin/../lib/gcc/nios2-elf/4.1.2/../../../../nios2-elf/lib/mno-hw-mul\libsmallc.a(lib_a-vfprintf.o)
 .bss           0x00003668        0x0 c:/altera/12.1/nios2eds/bin/gnu/h-i686-mingw32/bin/../lib/gcc/nios2-elf/4.1.2/../../../../nios2-elf/lib/mno-hw-mul\libsmallc.a(lib_a-fvwrite_small_dev.o)
 .bss           0x00003668        0x0 c:/altera/12.1/nios2eds/bin/gnu/h-i686-mingw32/bin/../lib/gcc/nios2-elf/4.1.2/../../../../nios2-elf/lib/mno-hw-mul\libsmallc.a(lib_a-impure.o)
 .bss           0x00003668        0x0 c:/altera/12.1/nios2eds/bin/gnu/h-i686-mingw32/bin/../lib/gcc/nios2-elf/4.1.2/../../../../nios2-elf/lib/mno-hw-mul\libsmallc.a(lib_a-writer.o)
 .bss           0x00003668        0x0 c:/altera/12.1/nios2eds/bin/gnu/h-i686-mingw32/bin/../lib/gcc/nios2-elf/4.1.2/../../../../nios2-elf/lib/mno-hw-mul\libsmallc.a(lib_a-int_errno.o)
 .bss           0x00003668        0x0 ../lms_spi_controller_bsp\libhal_bsp.a(alt_load.o)
 .bss           0x00003668        0x0 ../lms_spi_controller_bsp\libhal_bsp.a(alt_main.o)
 .bss           0x00003668        0x0 ../lms_spi_controller_bsp\libhal_bsp.a(alt_printf.o)
 .bss           0x00003668        0x0 ../lms_spi_controller_bsp\libhal_bsp.a(alt_putchar.o)
 .bss           0x00003668        0x0 ../lms_spi_controller_bsp\libhal_bsp.a(alt_putstr.o)
 .bss           0x00003668        0x0 ../lms_spi_controller_bsp\libhal_bsp.a(alt_write.o)
 .bss           0x00003668        0x0 ../lms_spi_controller_bsp\libhal_bsp.a(alt_sys_init.o)
 .bss           0x00003668        0x0 ../lms_spi_controller_bsp\libhal_bsp.a(altera_avalon_jtag_uart_write.o)
 .bss           0x00003668        0x0 ../lms_spi_controller_bsp\libhal_bsp.a(altera_avalon_spi.o)
 .bss           0x00003668        0x0 ../lms_spi_controller_bsp\libhal_bsp.a(alt_dcache_flush_all.o)
 .bss           0x00003668        0x0 ../lms_spi_controller_bsp\libhal_bsp.a(alt_errno.o)
 .bss           0x00003668        0x0 ../lms_spi_controller_bsp\libhal_bsp.a(alt_icache_flush_all.o)
 .bss           0x00003668        0x0 ../lms_spi_controller_bsp\libhal_bsp.a(altera_nios2_qsys_irq.o)
 *(COMMON)
 COMMON         0x00003668       0x14 obj/default/hello_world_small.o
                0x00003668                xcvr_config
                0x0000367c                . = ALIGN (0x4)
                0x0000367c                __bss_end = ABSOLUTE (.)

.onchip_memory2_0
                0x0000367c        0x0
                0x0000367c                PROVIDE (_alt_partition_onchip_memory2_0_start, ABSOLUTE (.))
 *(.onchip_memory2_0. onchip_memory2_0.*)
                0x0000367c                . = ALIGN (0x4)
                0x0000367c                PROVIDE (_alt_partition_onchip_memory2_0_end, ABSOLUTE (.))
                0x0000367c                _end = ABSOLUTE (.)
                0x0000367c                end = ABSOLUTE (.)
                0x0000367c                __alt_stack_base = ABSOLUTE (.)
                0x0000367c                PROVIDE (_alt_partition_onchip_memory2_0_load_addr, LOADADDR (.onchip_memory2_0))

.stab
 *(.stab)

.stabstr
 *(.stabstr)

.stab.excl
 *(.stab.excl)

.stab.exclstr
 *(.stab.exclstr)

.stab.index
 *(.stab.index)

.stab.indexstr
 *(.stab.indexstr)

.comment        0x00000000       0x49
 *(.comment)
 .comment       0x00000000       0x23 obj/default/hello_world_small.o
                                 0x24 (size before relaxing)
 .comment       0x00000000       0x24 obj/default/lms_spi_config.o
 .comment       0x00000000       0x24 c:/altera/12.1/nios2eds/bin/gnu/h-i686-mingw32/bin/../lib/gcc/nios2-elf/4.1.2/mno-hw-mul\libgcc.a(_udivdi3.o)
 .comment       0x00000000       0x24 c:/altera/12.1/nios2eds/bin/gnu/h-i686-mingw32/bin/../lib/gcc/nios2-elf/4.1.2/mno-hw-mul\libgcc.a(lib2-divmod.o)
 .comment       0x00000000       0x24 c:/altera/12.1/nios2eds/bin/gnu/h-i686-mingw32/bin/../lib/gcc/nios2-elf/4.1.2/mno-hw-mul\libgcc.a(lib2-mul.o)
 .comment       0x00000000       0x24 c:/altera/12.1/nios2eds/bin/gnu/h-i686-mingw32/bin/../lib/gcc/nios2-elf/4.1.2/mno-hw-mul\libgcc.a(_clz.o)
 .comment       0x00000000       0x24 c:/altera/12.1/nios2eds/bin/gnu/h-i686-mingw32/bin/../lib/gcc/nios2-elf/4.1.2/../../../../nios2-elf/lib/mno-hw-mul\libsmallc.a(lib_a-printf.o)
 .comment       0x00000000       0x24 c:/altera/12.1/nios2eds/bin/gnu/h-i686-mingw32/bin/../lib/gcc/nios2-elf/4.1.2/../../../../nios2-elf/lib/mno-hw-mul\libsmallc.a(lib_a-puts.o)
 .comment       0x00000000       0x24 c:/altera/12.1/nios2eds/bin/gnu/h-i686-mingw32/bin/../lib/gcc/nios2-elf/4.1.2/../../../../nios2-elf/lib/mno-hw-mul\libsmallc.a(lib_a-strlen.o)
 .comment       0x00000000       0x24 c:/altera/12.1/nios2eds/bin/gnu/h-i686-mingw32/bin/../lib/gcc/nios2-elf/4.1.2/../../../../nios2-elf/lib/mno-hw-mul\libsmallc.a(lib_a-vfprintf.o)
 .comment       0x00000000       0x24 c:/altera/12.1/nios2eds/bin/gnu/h-i686-mingw32/bin/../lib/gcc/nios2-elf/4.1.2/../../../../nios2-elf/lib/mno-hw-mul\libsmallc.a(lib_a-fvwrite_small_dev.o)
 .comment       0x00000000       0x24 c:/altera/12.1/nios2eds/bin/gnu/h-i686-mingw32/bin/../lib/gcc/nios2-elf/4.1.2/../../../../nios2-elf/lib/mno-hw-mul\libsmallc.a(lib_a-impure.o)
 .comment       0x00000000       0x24 c:/altera/12.1/nios2eds/bin/gnu/h-i686-mingw32/bin/../lib/gcc/nios2-elf/4.1.2/../../../../nios2-elf/lib/mno-hw-mul\libsmallc.a(lib_a-writer.o)
 .comment       0x00000000       0x24 c:/altera/12.1/nios2eds/bin/gnu/h-i686-mingw32/bin/../lib/gcc/nios2-elf/4.1.2/../../../../nios2-elf/lib/mno-hw-mul\libsmallc.a(lib_a-int_errno.o)
 .comment       0x00000023       0x26 ../lms_spi_controller_bsp\libhal_bsp.a(alt_load.o)
                                 0x27 (size before relaxing)
 .comment       0x00000000       0x24 ../lms_spi_controller_bsp\libhal_bsp.a(alt_main.o)
 .comment       0x00000000       0x27 ../lms_spi_controller_bsp\libhal_bsp.a(alt_printf.o)
 .comment       0x00000000       0x24 ../lms_spi_controller_bsp\libhal_bsp.a(alt_putchar.o)
 .comment       0x00000000       0x24 ../lms_spi_controller_bsp\libhal_bsp.a(alt_putstr.o)
 .comment       0x00000000       0x24 ../lms_spi_controller_bsp\libhal_bsp.a(alt_write.o)
 .comment       0x00000000       0x24 ../lms_spi_controller_bsp\libhal_bsp.a(alt_sys_init.o)
 .comment       0x00000000       0x24 ../lms_spi_controller_bsp\libhal_bsp.a(altera_avalon_jtag_uart_write.o)
 .comment       0x00000000       0x27 ../lms_spi_controller_bsp\libhal_bsp.a(altera_avalon_spi.o)
 .comment       0x00000000       0x24 ../lms_spi_controller_bsp\libhal_bsp.a(alt_dcache_flush_all.o)
 .comment       0x00000000       0x27 ../lms_spi_controller_bsp\libhal_bsp.a(alt_errno.o)
 .comment       0x00000000       0x24 ../lms_spi_controller_bsp\libhal_bsp.a(alt_icache_flush_all.o)
 .comment       0x00000000       0x24 ../lms_spi_controller_bsp\libhal_bsp.a(altera_nios2_qsys_irq.o)

.debug
 *(.debug)

.line
 *(.line)

.debug_srcinfo
 *(.debug_srcinfo)

.debug_sfnames
 *(.debug_sfnames)

.debug_aranges  0x00000000      0x308
 *(.debug_aranges)
 .debug_aranges
                0x00000000       0x28 ../lms_spi_controller_bsp/obj/HAL/src/crt0.o
 .debug_aranges
                0x00000028       0x20 obj/default/hello_world_small.o
 .debug_aranges
                0x00000048       0x20 obj/default/lms_spi_config.o
 .debug_aranges
                0x00000068       0x20 c:/altera/12.1/nios2eds/bin/gnu/h-i686-mingw32/bin/../lib/gcc/nios2-elf/4.1.2/mno-hw-mul\libgcc.a(_udivdi3.o)
 .debug_aranges
                0x00000088       0x20 c:/altera/12.1/nios2eds/bin/gnu/h-i686-mingw32/bin/../lib/gcc/nios2-elf/4.1.2/mno-hw-mul\libgcc.a(lib2-divmod.o)
 .debug_aranges
                0x000000a8       0x20 c:/altera/12.1/nios2eds/bin/gnu/h-i686-mingw32/bin/../lib/gcc/nios2-elf/4.1.2/mno-hw-mul\libgcc.a(lib2-mul.o)
 .debug_aranges
                0x000000c8       0x20 c:/altera/12.1/nios2eds/bin/gnu/h-i686-mingw32/bin/../lib/gcc/nios2-elf/4.1.2/../../../../nios2-elf/lib/mno-hw-mul\libsmallc.a(lib_a-printf.o)
 .debug_aranges
                0x000000e8       0x20 c:/altera/12.1/nios2eds/bin/gnu/h-i686-mingw32/bin/../lib/gcc/nios2-elf/4.1.2/../../../../nios2-elf/lib/mno-hw-mul\libsmallc.a(lib_a-puts.o)
 .debug_aranges
                0x00000108       0x20 c:/altera/12.1/nios2eds/bin/gnu/h-i686-mingw32/bin/../lib/gcc/nios2-elf/4.1.2/../../../../nios2-elf/lib/mno-hw-mul\libsmallc.a(lib_a-strlen.o)
 .debug_aranges
                0x00000128       0x20 c:/altera/12.1/nios2eds/bin/gnu/h-i686-mingw32/bin/../lib/gcc/nios2-elf/4.1.2/../../../../nios2-elf/lib/mno-hw-mul\libsmallc.a(lib_a-vfprintf.o)
 .debug_aranges
                0x00000148       0x20 c:/altera/12.1/nios2eds/bin/gnu/h-i686-mingw32/bin/../lib/gcc/nios2-elf/4.1.2/../../../../nios2-elf/lib/mno-hw-mul\libsmallc.a(lib_a-fvwrite_small_dev.o)
 .debug_aranges
                0x00000168       0x20 c:/altera/12.1/nios2eds/bin/gnu/h-i686-mingw32/bin/../lib/gcc/nios2-elf/4.1.2/../../../../nios2-elf/lib/mno-hw-mul\libsmallc.a(lib_a-writer.o)
 .debug_aranges
                0x00000188       0x20 ../lms_spi_controller_bsp\libhal_bsp.a(alt_load.o)
 .debug_aranges
                0x000001a8       0x20 ../lms_spi_controller_bsp\libhal_bsp.a(alt_main.o)
 .debug_aranges
                0x000001c8       0x20 ../lms_spi_controller_bsp\libhal_bsp.a(alt_printf.o)
 .debug_aranges
                0x000001e8       0x20 ../lms_spi_controller_bsp\libhal_bsp.a(alt_putchar.o)
 .debug_aranges
                0x00000208       0x20 ../lms_spi_controller_bsp\libhal_bsp.a(alt_putstr.o)
 .debug_aranges
                0x00000228       0x20 ../lms_spi_controller_bsp\libhal_bsp.a(alt_write.o)
 .debug_aranges
                0x00000248       0x20 ../lms_spi_controller_bsp\libhal_bsp.a(alt_sys_init.o)
 .debug_aranges
                0x00000268       0x20 ../lms_spi_controller_bsp\libhal_bsp.a(altera_avalon_jtag_uart_write.o)
 .debug_aranges
                0x00000288       0x20 ../lms_spi_controller_bsp\libhal_bsp.a(altera_avalon_spi.o)
 .debug_aranges
                0x000002a8       0x20 ../lms_spi_controller_bsp\libhal_bsp.a(alt_dcache_flush_all.o)
 .debug_aranges
                0x000002c8       0x20 ../lms_spi_controller_bsp\libhal_bsp.a(alt_icache_flush_all.o)
 .debug_aranges
                0x000002e8       0x20 ../lms_spi_controller_bsp\libhal_bsp.a(altera_nios2_qsys_irq.o)

.debug_pubnames
                0x00000000      0x81f
 *(.debug_pubnames)
 .debug_pubnames
                0x00000000       0x69 obj/default/hello_world_small.o
 .debug_pubnames
                0x00000069      0x380 obj/default/lms_spi_config.o
 .debug_pubnames
                0x000003e9       0x20 c:/altera/12.1/nios2eds/bin/gnu/h-i686-mingw32/bin/../lib/gcc/nios2-elf/4.1.2/mno-hw-mul\libgcc.a(_udivdi3.o)
 .debug_pubnames
                0x00000409       0x48 c:/altera/12.1/nios2eds/bin/gnu/h-i686-mingw32/bin/../lib/gcc/nios2-elf/4.1.2/mno-hw-mul\libgcc.a(lib2-divmod.o)
 .debug_pubnames
                0x00000451       0x1f c:/altera/12.1/nios2eds/bin/gnu/h-i686-mingw32/bin/../lib/gcc/nios2-elf/4.1.2/mno-hw-mul\libgcc.a(lib2-mul.o)
 .debug_pubnames
                0x00000470       0x20 c:/altera/12.1/nios2eds/bin/gnu/h-i686-mingw32/bin/../lib/gcc/nios2-elf/4.1.2/mno-hw-mul\libgcc.a(_clz.o)
 .debug_pubnames
                0x00000490       0x2b c:/altera/12.1/nios2eds/bin/gnu/h-i686-mingw32/bin/../lib/gcc/nios2-elf/4.1.2/../../../../nios2-elf/lib/mno-hw-mul\libsmallc.a(lib_a-printf.o)
 .debug_pubnames
                0x000004bb       0x27 c:/altera/12.1/nios2eds/bin/gnu/h-i686-mingw32/bin/../lib/gcc/nios2-elf/4.1.2/../../../../nios2-elf/lib/mno-hw-mul\libsmallc.a(lib_a-puts.o)
 .debug_pubnames
                0x000004e2       0x1d c:/altera/12.1/nios2eds/bin/gnu/h-i686-mingw32/bin/../lib/gcc/nios2-elf/4.1.2/../../../../nios2-elf/lib/mno-hw-mul\libsmallc.a(lib_a-strlen.o)
 .debug_pubnames
                0x000004ff       0x45 c:/altera/12.1/nios2eds/bin/gnu/h-i686-mingw32/bin/../lib/gcc/nios2-elf/4.1.2/../../../../nios2-elf/lib/mno-hw-mul\libsmallc.a(lib_a-vfprintf.o)
 .debug_pubnames
                0x00000544       0x2b c:/altera/12.1/nios2eds/bin/gnu/h-i686-mingw32/bin/../lib/gcc/nios2-elf/4.1.2/../../../../nios2-elf/lib/mno-hw-mul\libsmallc.a(lib_a-fvwrite_small_dev.o)
 .debug_pubnames
                0x0000056f       0x39 c:/altera/12.1/nios2eds/bin/gnu/h-i686-mingw32/bin/../lib/gcc/nios2-elf/4.1.2/../../../../nios2-elf/lib/mno-hw-mul\libsmallc.a(lib_a-impure.o)
 .debug_pubnames
                0x000005a8       0x1f c:/altera/12.1/nios2eds/bin/gnu/h-i686-mingw32/bin/../lib/gcc/nios2-elf/4.1.2/../../../../nios2-elf/lib/mno-hw-mul\libsmallc.a(lib_a-writer.o)
 .debug_pubnames
                0x000005c7       0x1c c:/altera/12.1/nios2eds/bin/gnu/h-i686-mingw32/bin/../lib/gcc/nios2-elf/4.1.2/../../../../nios2-elf/lib/mno-hw-mul\libsmallc.a(lib_a-int_errno.o)
 .debug_pubnames
                0x000005e3       0x1f ../lms_spi_controller_bsp\libhal_bsp.a(alt_load.o)
 .debug_pubnames
                0x00000602       0x46 ../lms_spi_controller_bsp\libhal_bsp.a(alt_main.o)
 .debug_pubnames
                0x00000648       0x21 ../lms_spi_controller_bsp\libhal_bsp.a(alt_printf.o)
 .debug_pubnames
                0x00000669       0x22 ../lms_spi_controller_bsp\libhal_bsp.a(alt_putchar.o)
 .debug_pubnames
                0x0000068b       0x21 ../lms_spi_controller_bsp\libhal_bsp.a(alt_putstr.o)
 .debug_pubnames
                0x000006ac       0x1c ../lms_spi_controller_bsp\libhal_bsp.a(alt_write.o)
 .debug_pubnames
                0x000006c8       0x4f ../lms_spi_controller_bsp\libhal_bsp.a(alt_sys_init.o)
 .debug_pubnames
                0x00000717       0x34 ../lms_spi_controller_bsp\libhal_bsp.a(altera_avalon_jtag_uart_write.o)
 .debug_pubnames
                0x0000074b       0x2d ../lms_spi_controller_bsp\libhal_bsp.a(altera_avalon_spi.o)
 .debug_pubnames
                0x00000778       0x2b ../lms_spi_controller_bsp\libhal_bsp.a(alt_dcache_flush_all.o)
 .debug_pubnames
                0x000007a3       0x20 ../lms_spi_controller_bsp\libhal_bsp.a(alt_errno.o)
 .debug_pubnames
                0x000007c3       0x2b ../lms_spi_controller_bsp\libhal_bsp.a(alt_icache_flush_all.o)
 .debug_pubnames
                0x000007ee       0x31 ../lms_spi_controller_bsp\libhal_bsp.a(altera_nios2_qsys_irq.o)

.debug_info     0x00000000     0x5536
 *(.debug_info .gnu.linkonce.wi.*)
 .debug_info    0x00000000       0x9c ../lms_spi_controller_bsp/obj/HAL/src/crt0.o
 .debug_info    0x0000009c      0x31d obj/default/hello_world_small.o
 .debug_info    0x000003b9      0xd48 obj/default/lms_spi_config.o
 .debug_info    0x00001101      0x71c c:/altera/12.1/nios2eds/bin/gnu/h-i686-mingw32/bin/../lib/gcc/nios2-elf/4.1.2/mno-hw-mul\libgcc.a(_udivdi3.o)
 .debug_info    0x0000181d      0x21c c:/altera/12.1/nios2eds/bin/gnu/h-i686-mingw32/bin/../lib/gcc/nios2-elf/4.1.2/mno-hw-mul\libgcc.a(lib2-divmod.o)
 .debug_info    0x00001a39       0xf3 c:/altera/12.1/nios2eds/bin/gnu/h-i686-mingw32/bin/../lib/gcc/nios2-elf/4.1.2/mno-hw-mul\libgcc.a(lib2-mul.o)
 .debug_info    0x00001b2c       0xc9 c:/altera/12.1/nios2eds/bin/gnu/h-i686-mingw32/bin/../lib/gcc/nios2-elf/4.1.2/mno-hw-mul\libgcc.a(_clz.o)
 .debug_info    0x00001bf5      0x6c8 c:/altera/12.1/nios2eds/bin/gnu/h-i686-mingw32/bin/../lib/gcc/nios2-elf/4.1.2/../../../../nios2-elf/lib/mno-hw-mul\libsmallc.a(lib_a-printf.o)
 .debug_info    0x000022bd      0x685 c:/altera/12.1/nios2eds/bin/gnu/h-i686-mingw32/bin/../lib/gcc/nios2-elf/4.1.2/../../../../nios2-elf/lib/mno-hw-mul\libsmallc.a(lib_a-puts.o)
 .debug_info    0x00002942       0xc2 c:/altera/12.1/nios2eds/bin/gnu/h-i686-mingw32/bin/../lib/gcc/nios2-elf/4.1.2/../../../../nios2-elf/lib/mno-hw-mul\libsmallc.a(lib_a-strlen.o)
 .debug_info    0x00002a04      0x9b6 c:/altera/12.1/nios2eds/bin/gnu/h-i686-mingw32/bin/../lib/gcc/nios2-elf/4.1.2/../../../../nios2-elf/lib/mno-hw-mul\libsmallc.a(lib_a-vfprintf.o)
 .debug_info    0x000033ba      0x68e c:/altera/12.1/nios2eds/bin/gnu/h-i686-mingw32/bin/../lib/gcc/nios2-elf/4.1.2/../../../../nios2-elf/lib/mno-hw-mul\libsmallc.a(lib_a-fvwrite_small_dev.o)
 .debug_info    0x00003a48      0x636 c:/altera/12.1/nios2eds/bin/gnu/h-i686-mingw32/bin/../lib/gcc/nios2-elf/4.1.2/../../../../nios2-elf/lib/mno-hw-mul\libsmallc.a(lib_a-impure.o)
 .debug_info    0x0000407e      0x68c c:/altera/12.1/nios2eds/bin/gnu/h-i686-mingw32/bin/../lib/gcc/nios2-elf/4.1.2/../../../../nios2-elf/lib/mno-hw-mul\libsmallc.a(lib_a-writer.o)
 .debug_info    0x0000470a       0x8c c:/altera/12.1/nios2eds/bin/gnu/h-i686-mingw32/bin/../lib/gcc/nios2-elf/4.1.2/../../../../nios2-elf/lib/mno-hw-mul\libsmallc.a(lib_a-int_errno.o)
 .debug_info    0x00004796      0x12e ../lms_spi_controller_bsp\libhal_bsp.a(alt_load.o)
 .debug_info    0x000048c4      0x125 ../lms_spi_controller_bsp\libhal_bsp.a(alt_main.o)
 .debug_info    0x000049e9      0x11d ../lms_spi_controller_bsp\libhal_bsp.a(alt_printf.o)
 .debug_info    0x00004b06       0xc5 ../lms_spi_controller_bsp\libhal_bsp.a(alt_putchar.o)
 .debug_info    0x00004bcb       0xc5 ../lms_spi_controller_bsp\libhal_bsp.a(alt_putstr.o)
 .debug_info    0x00004c90      0x179 ../lms_spi_controller_bsp\libhal_bsp.a(alt_write.o)
 .debug_info    0x00004e09      0x1d1 ../lms_spi_controller_bsp\libhal_bsp.a(alt_sys_init.o)
 .debug_info    0x00004fda      0x18f ../lms_spi_controller_bsp\libhal_bsp.a(altera_avalon_jtag_uart_write.o)
 .debug_info    0x00005169      0x17b ../lms_spi_controller_bsp\libhal_bsp.a(altera_avalon_spi.o)
 .debug_info    0x000052e4       0x8d ../lms_spi_controller_bsp\libhal_bsp.a(alt_dcache_flush_all.o)
 .debug_info    0x00005371       0xab ../lms_spi_controller_bsp\libhal_bsp.a(alt_errno.o)
 .debug_info    0x0000541c       0x8d ../lms_spi_controller_bsp\libhal_bsp.a(alt_icache_flush_all.o)
 .debug_info    0x000054a9       0x8d ../lms_spi_controller_bsp\libhal_bsp.a(altera_nios2_qsys_irq.o)

.debug_abbrev   0x00000000     0x18a7
 *(.debug_abbrev)
 .debug_abbrev  0x00000000       0x12 ../lms_spi_controller_bsp/obj/HAL/src/crt0.o
 .debug_abbrev  0x00000012      0x161 obj/default/hello_world_small.o
 .debug_abbrev  0x00000173      0x259 obj/default/lms_spi_config.o
 .debug_abbrev  0x000003cc      0x16b c:/altera/12.1/nios2eds/bin/gnu/h-i686-mingw32/bin/../lib/gcc/nios2-elf/4.1.2/mno-hw-mul\libgcc.a(_udivdi3.o)
 .debug_abbrev  0x00000537       0xe0 c:/altera/12.1/nios2eds/bin/gnu/h-i686-mingw32/bin/../lib/gcc/nios2-elf/4.1.2/mno-hw-mul\libgcc.a(lib2-divmod.o)
 .debug_abbrev  0x00000617       0x7b c:/altera/12.1/nios2eds/bin/gnu/h-i686-mingw32/bin/../lib/gcc/nios2-elf/4.1.2/mno-hw-mul\libgcc.a(lib2-mul.o)
 .debug_abbrev  0x00000692       0x61 c:/altera/12.1/nios2eds/bin/gnu/h-i686-mingw32/bin/../lib/gcc/nios2-elf/4.1.2/mno-hw-mul\libgcc.a(_clz.o)
 .debug_abbrev  0x000006f3      0x179 c:/altera/12.1/nios2eds/bin/gnu/h-i686-mingw32/bin/../lib/gcc/nios2-elf/4.1.2/../../../../nios2-elf/lib/mno-hw-mul\libsmallc.a(lib_a-printf.o)
 .debug_abbrev  0x0000086c      0x180 c:/altera/12.1/nios2eds/bin/gnu/h-i686-mingw32/bin/../lib/gcc/nios2-elf/4.1.2/../../../../nios2-elf/lib/mno-hw-mul\libsmallc.a(lib_a-puts.o)
 .debug_abbrev  0x000009ec       0x7a c:/altera/12.1/nios2eds/bin/gnu/h-i686-mingw32/bin/../lib/gcc/nios2-elf/4.1.2/../../../../nios2-elf/lib/mno-hw-mul\libsmallc.a(lib_a-strlen.o)
 .debug_abbrev  0x00000a66      0x263 c:/altera/12.1/nios2eds/bin/gnu/h-i686-mingw32/bin/../lib/gcc/nios2-elf/4.1.2/../../../../nios2-elf/lib/mno-hw-mul\libsmallc.a(lib_a-vfprintf.o)
 .debug_abbrev  0x00000cc9      0x179 c:/altera/12.1/nios2eds/bin/gnu/h-i686-mingw32/bin/../lib/gcc/nios2-elf/4.1.2/../../../../nios2-elf/lib/mno-hw-mul\libsmallc.a(lib_a-fvwrite_small_dev.o)
 .debug_abbrev  0x00000e42      0x13f c:/altera/12.1/nios2eds/bin/gnu/h-i686-mingw32/bin/../lib/gcc/nios2-elf/4.1.2/../../../../nios2-elf/lib/mno-hw-mul\libsmallc.a(lib_a-impure.o)
 .debug_abbrev  0x00000f81      0x16c c:/altera/12.1/nios2eds/bin/gnu/h-i686-mingw32/bin/../lib/gcc/nios2-elf/4.1.2/../../../../nios2-elf/lib/mno-hw-mul\libsmallc.a(lib_a-writer.o)
 .debug_abbrev  0x000010ed       0x3b c:/altera/12.1/nios2eds/bin/gnu/h-i686-mingw32/bin/../lib/gcc/nios2-elf/4.1.2/../../../../nios2-elf/lib/mno-hw-mul\libsmallc.a(lib_a-int_errno.o)
 .debug_abbrev  0x00001128       0x97 ../lms_spi_controller_bsp\libhal_bsp.a(alt_load.o)
 .debug_abbrev  0x000011bf       0xa6 ../lms_spi_controller_bsp\libhal_bsp.a(alt_main.o)
 .debug_abbrev  0x00001265       0xc7 ../lms_spi_controller_bsp\libhal_bsp.a(alt_printf.o)
 .debug_abbrev  0x0000132c       0x7b ../lms_spi_controller_bsp\libhal_bsp.a(alt_putchar.o)
 .debug_abbrev  0x000013a7       0x7c ../lms_spi_controller_bsp\libhal_bsp.a(alt_putstr.o)
 .debug_abbrev  0x00001423       0xdd ../lms_spi_controller_bsp\libhal_bsp.a(alt_write.o)
 .debug_abbrev  0x00001500       0xea ../lms_spi_controller_bsp\libhal_bsp.a(alt_sys_init.o)
 .debug_abbrev  0x000015ea       0xf0 ../lms_spi_controller_bsp\libhal_bsp.a(altera_avalon_jtag_uart_write.o)
 .debug_abbrev  0x000016da       0xb2 ../lms_spi_controller_bsp\libhal_bsp.a(altera_avalon_spi.o)
 .debug_abbrev  0x0000178c       0x3f ../lms_spi_controller_bsp\libhal_bsp.a(alt_dcache_flush_all.o)
 .debug_abbrev  0x000017cb       0x5e ../lms_spi_controller_bsp\libhal_bsp.a(alt_errno.o)
 .debug_abbrev  0x00001829       0x3f ../lms_spi_controller_bsp\libhal_bsp.a(alt_icache_flush_all.o)
 .debug_abbrev  0x00001868       0x3f ../lms_spi_controller_bsp\libhal_bsp.a(altera_nios2_qsys_irq.o)

.debug_line     0x00000000     0x5792
 *(.debug_line)
 .debug_line    0x00000000       0x66 ../lms_spi_controller_bsp/obj/HAL/src/crt0.o
 .debug_line    0x00000066      0x4fc obj/default/hello_world_small.o
 .debug_line    0x00000562     0x184a obj/default/lms_spi_config.o
 .debug_line    0x00001dac      0x2f2 c:/altera/12.1/nios2eds/bin/gnu/h-i686-mingw32/bin/../lib/gcc/nios2-elf/4.1.2/mno-hw-mul\libgcc.a(_udivdi3.o)
 .debug_line    0x0000209e      0x24f c:/altera/12.1/nios2eds/bin/gnu/h-i686-mingw32/bin/../lib/gcc/nios2-elf/4.1.2/mno-hw-mul\libgcc.a(lib2-divmod.o)
 .debug_line    0x000022ed      0x11a c:/altera/12.1/nios2eds/bin/gnu/h-i686-mingw32/bin/../lib/gcc/nios2-elf/4.1.2/mno-hw-mul\libgcc.a(lib2-mul.o)
 .debug_line    0x00002407       0xaa c:/altera/12.1/nios2eds/bin/gnu/h-i686-mingw32/bin/../lib/gcc/nios2-elf/4.1.2/mno-hw-mul\libgcc.a(_clz.o)
 .debug_line    0x000024b1      0x2b8 c:/altera/12.1/nios2eds/bin/gnu/h-i686-mingw32/bin/../lib/gcc/nios2-elf/4.1.2/../../../../nios2-elf/lib/mno-hw-mul\libsmallc.a(lib_a-printf.o)
 .debug_line    0x00002769      0x2ac c:/altera/12.1/nios2eds/bin/gnu/h-i686-mingw32/bin/../lib/gcc/nios2-elf/4.1.2/../../../../nios2-elf/lib/mno-hw-mul\libsmallc.a(lib_a-puts.o)
 .debug_line    0x00002a15      0x247 c:/altera/12.1/nios2eds/bin/gnu/h-i686-mingw32/bin/../lib/gcc/nios2-elf/4.1.2/../../../../nios2-elf/lib/mno-hw-mul\libsmallc.a(lib_a-strlen.o)
 .debug_line    0x00002c5c      0x660 c:/altera/12.1/nios2eds/bin/gnu/h-i686-mingw32/bin/../lib/gcc/nios2-elf/4.1.2/../../../../nios2-elf/lib/mno-hw-mul\libsmallc.a(lib_a-vfprintf.o)
 .debug_line    0x000032bc      0x2a3 c:/altera/12.1/nios2eds/bin/gnu/h-i686-mingw32/bin/../lib/gcc/nios2-elf/4.1.2/../../../../nios2-elf/lib/mno-hw-mul\libsmallc.a(lib_a-fvwrite_small_dev.o)
 .debug_line    0x0000355f      0x227 c:/altera/12.1/nios2eds/bin/gnu/h-i686-mingw32/bin/../lib/gcc/nios2-elf/4.1.2/../../../../nios2-elf/lib/mno-hw-mul\libsmallc.a(lib_a-impure.o)
 .debug_line    0x00003786      0x294 c:/altera/12.1/nios2eds/bin/gnu/h-i686-mingw32/bin/../lib/gcc/nios2-elf/4.1.2/../../../../nios2-elf/lib/mno-hw-mul\libsmallc.a(lib_a-writer.o)
 .debug_line    0x00003a1a      0x1dc c:/altera/12.1/nios2eds/bin/gnu/h-i686-mingw32/bin/../lib/gcc/nios2-elf/4.1.2/../../../../nios2-elf/lib/mno-hw-mul\libsmallc.a(lib_a-int_errno.o)
 .debug_line    0x00003bf6      0x217 ../lms_spi_controller_bsp\libhal_bsp.a(alt_load.o)
 .debug_line    0x00003e0d      0x2bc ../lms_spi_controller_bsp\libhal_bsp.a(alt_main.o)
 .debug_line    0x000040c9      0x1f2 ../lms_spi_controller_bsp\libhal_bsp.a(alt_printf.o)
 .debug_line    0x000042bb      0x1ec ../lms_spi_controller_bsp\libhal_bsp.a(alt_putchar.o)
 .debug_line    0x000044a7      0x1d3 ../lms_spi_controller_bsp\libhal_bsp.a(alt_putstr.o)
 .debug_line    0x0000467a      0x2a5 ../lms_spi_controller_bsp\libhal_bsp.a(alt_write.o)
 .debug_line    0x0000491f      0x2d9 ../lms_spi_controller_bsp\libhal_bsp.a(alt_sys_init.o)
 .debug_line    0x00004bf8      0x2ee ../lms_spi_controller_bsp\libhal_bsp.a(altera_avalon_jtag_uart_write.o)
 .debug_line    0x00004ee6      0x1dc ../lms_spi_controller_bsp\libhal_bsp.a(altera_avalon_spi.o)
 .debug_line    0x000050c2      0x1af ../lms_spi_controller_bsp\libhal_bsp.a(alt_dcache_flush_all.o)
 .debug_line    0x00005271      0x1aa ../lms_spi_controller_bsp\libhal_bsp.a(alt_errno.o)
 .debug_line    0x0000541b      0x1af ../lms_spi_controller_bsp\libhal_bsp.a(alt_icache_flush_all.o)
 .debug_line    0x000055ca      0x1c8 ../lms_spi_controller_bsp\libhal_bsp.a(altera_nios2_qsys_irq.o)

.debug_frame    0x00000000      0x8cc
 *(.debug_frame)
 .debug_frame   0x00000000       0x84 obj/default/hello_world_small.o
 .debug_frame   0x00000084      0x444 obj/default/lms_spi_config.o
 .debug_frame   0x000004c8       0x38 c:/altera/12.1/nios2eds/bin/gnu/h-i686-mingw32/bin/../lib/gcc/nios2-elf/4.1.2/mno-hw-mul\libgcc.a(_udivdi3.o)
 .debug_frame   0x00000500       0x70 c:/altera/12.1/nios2eds/bin/gnu/h-i686-mingw32/bin/../lib/gcc/nios2-elf/4.1.2/mno-hw-mul\libgcc.a(lib2-divmod.o)
 .debug_frame   0x00000570       0x20 c:/altera/12.1/nios2eds/bin/gnu/h-i686-mingw32/bin/../lib/gcc/nios2-elf/4.1.2/mno-hw-mul\libgcc.a(lib2-mul.o)
 .debug_frame   0x00000590       0x40 c:/altera/12.1/nios2eds/bin/gnu/h-i686-mingw32/bin/../lib/gcc/nios2-elf/4.1.2/../../../../nios2-elf/lib/mno-hw-mul\libsmallc.a(lib_a-printf.o)
 .debug_frame   0x000005d0       0x3c c:/altera/12.1/nios2eds/bin/gnu/h-i686-mingw32/bin/../lib/gcc/nios2-elf/4.1.2/../../../../nios2-elf/lib/mno-hw-mul\libsmallc.a(lib_a-puts.o)
 .debug_frame   0x0000060c       0x20 c:/altera/12.1/nios2eds/bin/gnu/h-i686-mingw32/bin/../lib/gcc/nios2-elf/4.1.2/../../../../nios2-elf/lib/mno-hw-mul\libsmallc.a(lib_a-strlen.o)
 .debug_frame   0x0000062c       0x64 c:/altera/12.1/nios2eds/bin/gnu/h-i686-mingw32/bin/../lib/gcc/nios2-elf/4.1.2/../../../../nios2-elf/lib/mno-hw-mul\libsmallc.a(lib_a-vfprintf.o)
 .debug_frame   0x00000690       0x30 c:/altera/12.1/nios2eds/bin/gnu/h-i686-mingw32/bin/../lib/gcc/nios2-elf/4.1.2/../../../../nios2-elf/lib/mno-hw-mul\libsmallc.a(lib_a-fvwrite_small_dev.o)
 .debug_frame   0x000006c0       0x2c c:/altera/12.1/nios2eds/bin/gnu/h-i686-mingw32/bin/../lib/gcc/nios2-elf/4.1.2/../../../../nios2-elf/lib/mno-hw-mul\libsmallc.a(lib_a-writer.o)
 .debug_frame   0x000006ec       0x38 ../lms_spi_controller_bsp\libhal_bsp.a(alt_load.o)
 .debug_frame   0x00000724       0x28 ../lms_spi_controller_bsp\libhal_bsp.a(alt_main.o)
 .debug_frame   0x0000074c       0x2c ../lms_spi_controller_bsp\libhal_bsp.a(alt_printf.o)
 .debug_frame   0x00000778       0x2c ../lms_spi_controller_bsp\libhal_bsp.a(alt_putchar.o)
 .debug_frame   0x000007a4       0x28 ../lms_spi_controller_bsp\libhal_bsp.a(alt_putstr.o)
 .debug_frame   0x000007cc       0x28 ../lms_spi_controller_bsp\libhal_bsp.a(alt_write.o)
 .debug_frame   0x000007f4       0x38 ../lms_spi_controller_bsp\libhal_bsp.a(alt_sys_init.o)
 .debug_frame   0x0000082c       0x20 ../lms_spi_controller_bsp\libhal_bsp.a(altera_avalon_jtag_uart_write.o)
 .debug_frame   0x0000084c       0x20 ../lms_spi_controller_bsp\libhal_bsp.a(altera_avalon_spi.o)
 .debug_frame   0x0000086c       0x20 ../lms_spi_controller_bsp\libhal_bsp.a(alt_dcache_flush_all.o)
 .debug_frame   0x0000088c       0x20 ../lms_spi_controller_bsp\libhal_bsp.a(alt_icache_flush_all.o)
 .debug_frame   0x000008ac       0x20 ../lms_spi_controller_bsp\libhal_bsp.a(altera_nios2_qsys_irq.o)

.debug_str      0x00000000     0x1596
 *(.debug_str)
 .debug_str     0x00000000      0x23f obj/default/hello_world_small.o
                                0x295 (size before relaxing)
 .debug_str     0x0000023f      0x448 obj/default/lms_spi_config.o
                                0x68f (size before relaxing)
 .debug_str     0x00000687      0x13f c:/altera/12.1/nios2eds/bin/gnu/h-i686-mingw32/bin/../lib/gcc/nios2-elf/4.1.2/mno-hw-mul\libgcc.a(_udivdi3.o)
                                0x1f4 (size before relaxing)
 .debug_str     0x000007c6       0x76 c:/altera/12.1/nios2eds/bin/gnu/h-i686-mingw32/bin/../lib/gcc/nios2-elf/4.1.2/mno-hw-mul\libgcc.a(lib2-divmod.o)
                                0x1b1 (size before relaxing)
 .debug_str     0x0000083c       0x37 c:/altera/12.1/nios2eds/bin/gnu/h-i686-mingw32/bin/../lib/gcc/nios2-elf/4.1.2/mno-hw-mul\libgcc.a(lib2-mul.o)
                                0x172 (size before relaxing)
 .debug_str     0x00000000      0x15e c:/altera/12.1/nios2eds/bin/gnu/h-i686-mingw32/bin/../lib/gcc/nios2-elf/4.1.2/mno-hw-mul\libgcc.a(_clz.o)
 .debug_str     0x00000873      0x399 c:/altera/12.1/nios2eds/bin/gnu/h-i686-mingw32/bin/../lib/gcc/nios2-elf/4.1.2/../../../../nios2-elf/lib/mno-hw-mul\libsmallc.a(lib_a-printf.o)
                                0x463 (size before relaxing)
 .debug_str     0x00000c0c       0x48 c:/altera/12.1/nios2eds/bin/gnu/h-i686-mingw32/bin/../lib/gcc/nios2-elf/4.1.2/../../../../nios2-elf/lib/mno-hw-mul\libsmallc.a(lib_a-puts.o)
                                0x44d (size before relaxing)
 .debug_str     0x00000c54       0xdf c:/altera/12.1/nios2eds/bin/gnu/h-i686-mingw32/bin/../lib/gcc/nios2-elf/4.1.2/../../../../nios2-elf/lib/mno-hw-mul\libsmallc.a(lib_a-strlen.o)
                                0x181 (size before relaxing)
 .debug_str     0x00000d33      0x162 c:/altera/12.1/nios2eds/bin/gnu/h-i686-mingw32/bin/../lib/gcc/nios2-elf/4.1.2/../../../../nios2-elf/lib/mno-hw-mul\libsmallc.a(lib_a-vfprintf.o)
                                0x5ac (size before relaxing)
 .debug_str     0x00000e95       0x70 c:/altera/12.1/nios2eds/bin/gnu/h-i686-mingw32/bin/../lib/gcc/nios2-elf/4.1.2/../../../../nios2-elf/lib/mno-hw-mul\libsmallc.a(lib_a-fvwrite_small_dev.o)
                                0x467 (size before relaxing)
 .debug_str     0x00000f05       0xf5 c:/altera/12.1/nios2eds/bin/gnu/h-i686-mingw32/bin/../lib/gcc/nios2-elf/4.1.2/../../../../nios2-elf/lib/mno-hw-mul\libsmallc.a(lib_a-impure.o)
                                0x45a (size before relaxing)
 .debug_str     0x00000ffa       0x4f c:/altera/12.1/nios2eds/bin/gnu/h-i686-mingw32/bin/../lib/gcc/nios2-elf/4.1.2/../../../../nios2-elf/lib/mno-hw-mul\libsmallc.a(lib_a-writer.o)
                                0x44e (size before relaxing)
 .debug_str     0x00001049       0x40 c:/altera/12.1/nios2eds/bin/gnu/h-i686-mingw32/bin/../lib/gcc/nios2-elf/4.1.2/../../../../nios2-elf/lib/mno-hw-mul\libsmallc.a(lib_a-int_errno.o)
                                0x174 (size before relaxing)
 .debug_str     0x00001089      0x15c ../lms_spi_controller_bsp\libhal_bsp.a(alt_load.o)
                                0x1f1 (size before relaxing)
 .debug_str     0x000011e5       0x44 ../lms_spi_controller_bsp\libhal_bsp.a(alt_main.o)
                                0x175 (size before relaxing)
 .debug_str     0x00001229       0x2c ../lms_spi_controller_bsp\libhal_bsp.a(alt_printf.o)
                                 0xdc (size before relaxing)
 .debug_str     0x00001255       0x4e ../lms_spi_controller_bsp\libhal_bsp.a(alt_putchar.o)
                                0x14e (size before relaxing)
 .debug_str     0x000012a3       0x20 ../lms_spi_controller_bsp\libhal_bsp.a(alt_putstr.o)
                                0x14c (size before relaxing)
 .debug_str     0x000012c3       0x2c ../lms_spi_controller_bsp\libhal_bsp.a(alt_write.o)
                                0x1a1 (size before relaxing)
 .debug_str     0x000012ef       0xec ../lms_spi_controller_bsp\libhal_bsp.a(alt_sys_init.o)
                                0x25d (size before relaxing)
 .debug_str     0x000013db       0x4a ../lms_spi_controller_bsp\libhal_bsp.a(altera_avalon_jtag_uart_write.o)
                                0x1ed (size before relaxing)
 .debug_str     0x00001425       0xba ../lms_spi_controller_bsp\libhal_bsp.a(altera_avalon_spi.o)
                                0x1bb (size before relaxing)
 .debug_str     0x000014df       0x34 ../lms_spi_controller_bsp\libhal_bsp.a(alt_dcache_flush_all.o)
                                0x134 (size before relaxing)
 .debug_str     0x00001513       0x14 ../lms_spi_controller_bsp\libhal_bsp.a(alt_errno.o)
                                0x124 (size before relaxing)
 .debug_str     0x00001527       0x34 ../lms_spi_controller_bsp\libhal_bsp.a(alt_icache_flush_all.o)
                                0x134 (size before relaxing)
 .debug_str     0x0000155b       0x3b ../lms_spi_controller_bsp\libhal_bsp.a(altera_nios2_qsys_irq.o)
                                0x13b (size before relaxing)

.debug_loc      0x00000000     0x2a88
 *(.debug_loc)
 .debug_loc     0x00000000      0x127 obj/default/hello_world_small.o
 .debug_loc     0x00000127      0xb9a obj/default/lms_spi_config.o
 .debug_loc     0x00000cc1      0xc12 c:/altera/12.1/nios2eds/bin/gnu/h-i686-mingw32/bin/../lib/gcc/nios2-elf/4.1.2/mno-hw-mul\libgcc.a(_udivdi3.o)
 .debug_loc     0x000018d3      0x1d2 c:/altera/12.1/nios2eds/bin/gnu/h-i686-mingw32/bin/../lib/gcc/nios2-elf/4.1.2/mno-hw-mul\libgcc.a(lib2-divmod.o)
 .debug_loc     0x00001aa5       0x4f c:/altera/12.1/nios2eds/bin/gnu/h-i686-mingw32/bin/../lib/gcc/nios2-elf/4.1.2/mno-hw-mul\libgcc.a(lib2-mul.o)
 .debug_loc     0x00001af4       0x8d c:/altera/12.1/nios2eds/bin/gnu/h-i686-mingw32/bin/../lib/gcc/nios2-elf/4.1.2/../../../../nios2-elf/lib/mno-hw-mul\libsmallc.a(lib_a-printf.o)
 .debug_loc     0x00001b81       0xa2 c:/altera/12.1/nios2eds/bin/gnu/h-i686-mingw32/bin/../lib/gcc/nios2-elf/4.1.2/../../../../nios2-elf/lib/mno-hw-mul\libsmallc.a(lib_a-puts.o)
 .debug_loc     0x00001c23       0x1e c:/altera/12.1/nios2eds/bin/gnu/h-i686-mingw32/bin/../lib/gcc/nios2-elf/4.1.2/../../../../nios2-elf/lib/mno-hw-mul\libsmallc.a(lib_a-strlen.o)
 .debug_loc     0x00001c41      0x878 c:/altera/12.1/nios2eds/bin/gnu/h-i686-mingw32/bin/../lib/gcc/nios2-elf/4.1.2/../../../../nios2-elf/lib/mno-hw-mul\libsmallc.a(lib_a-vfprintf.o)
 .debug_loc     0x000024b9      0x162 c:/altera/12.1/nios2eds/bin/gnu/h-i686-mingw32/bin/../lib/gcc/nios2-elf/4.1.2/../../../../nios2-elf/lib/mno-hw-mul\libsmallc.a(lib_a-fvwrite_small_dev.o)
 .debug_loc     0x0000261b       0x97 c:/altera/12.1/nios2eds/bin/gnu/h-i686-mingw32/bin/../lib/gcc/nios2-elf/4.1.2/../../../../nios2-elf/lib/mno-hw-mul\libsmallc.a(lib_a-writer.o)
 .debug_loc     0x000026b2       0x1f ../lms_spi_controller_bsp\libhal_bsp.a(alt_load.o)
 .debug_loc     0x000026d1       0x1f ../lms_spi_controller_bsp\libhal_bsp.a(alt_main.o)
 .debug_loc     0x000026f0      0x175 ../lms_spi_controller_bsp\libhal_bsp.a(alt_printf.o)
 .debug_loc     0x00002865       0x3d ../lms_spi_controller_bsp\libhal_bsp.a(alt_putchar.o)
 .debug_loc     0x000028a2       0x48 ../lms_spi_controller_bsp\libhal_bsp.a(alt_putstr.o)
 .debug_loc     0x000028ea       0x9a ../lms_spi_controller_bsp\libhal_bsp.a(alt_write.o)
 .debug_loc     0x00002984       0x32 ../lms_spi_controller_bsp\libhal_bsp.a(alt_sys_init.o)
 .debug_loc     0x000029b6       0x26 ../lms_spi_controller_bsp\libhal_bsp.a(altera_avalon_jtag_uart_write.o)
 .debug_loc     0x000029dc       0xac ../lms_spi_controller_bsp\libhal_bsp.a(altera_avalon_spi.o)

.debug_macinfo
 *(.debug_macinfo)

.debug_weaknames
 *(.debug_weaknames)

.debug_funcnames
 *(.debug_funcnames)

.debug_typenames
 *(.debug_typenames)

.debug_varnames
 *(.debug_varnames)

.debug_alt_sim_info
                0x00000000       0x10
 *(.debug_alt_sim_info)
 .debug_alt_sim_info
                0x00000000       0x10 ../lms_spi_controller_bsp/obj/HAL/src/crt0.o
                0x00014000                __alt_data_end = 0x14000
                0x00014000                PROVIDE (__alt_stack_pointer, __alt_data_end)
                0x0000367c                PROVIDE (__alt_stack_limit, __alt_stack_base)
                0x0000367c                PROVIDE (__alt_heap_start, end)
                0x00014000                PROVIDE (__alt_heap_limit, 0x14000)
OUTPUT(lms_spi_controller.elf elf32-littlenios2)

.debug_ranges   0x00000000      0x338
 .debug_ranges  0x00000000       0x20 ../lms_spi_controller_bsp/obj/HAL/src/crt0.o
 .debug_ranges  0x00000020       0x48 obj/default/lms_spi_config.o
 .debug_ranges  0x00000068      0x190 c:/altera/12.1/nios2eds/bin/gnu/h-i686-mingw32/bin/../lib/gcc/nios2-elf/4.1.2/mno-hw-mul\libgcc.a(_udivdi3.o)
 .debug_ranges  0x000001f8      0x140 c:/altera/12.1/nios2eds/bin/gnu/h-i686-mingw32/bin/../lib/gcc/nios2-elf/4.1.2/../../../../nios2-elf/lib/mno-hw-mul\libsmallc.a(lib_a-vfprintf.o)
